33
 energy: -92.001710355035 gnorm: 0.060441079049 xtb: 6.7.1pre (5071a88)
Ti          -3.73725800000000       -0.41488900000000        4.70783200000000
Ti           0.24504100000000       -1.96413400000000        4.71035000000000
Ti           1.02737600000000       -3.04441700000000        1.93545100000000
Ti          -1.49689900000000        1.37903100000000        4.68451800000000
Ti           3.41144700000000       -0.58818300000000        5.03650500000000
Ti           1.70265300000000        1.49564100000000        6.01865600000000
Ti          -2.56979300000000       -2.00239400000000        2.56072600000000
Ti          -0.43947700000000        0.10223400000000        2.05526400000000
Ti           0.75438000000000       -0.84178600000000       -0.37411100000000
Ti           0.66009800000000        2.87038400000000        3.20104800000000
Ti           2.81761700000000       -0.48846400000000        2.11821200000000
Ti           2.27225800000000        1.97120100000000        0.64383400000000
C           -1.42668800000000        3.45786300000000        4.39880600000000
C            4.10951700000000       -1.89692600000000        2.93526700000000
C            3.00538900000000        1.84009500000000        3.90234200000000
C           -0.67158100000000        4.25143700000000        3.81366200000000
C            4.58930100000000       -1.94210400000000        4.08427400000000
C            2.28926400000000        2.83461500000000        4.38639300000000
C            3.71837000000000        0.81378500000000        3.50841100000000
O           -3.00873400000000        1.03376500000000        5.36437900000000
O           -3.72935800000000       -1.94931800000000        3.84346500000000
O            0.25242600000000       -3.18789000000000        3.49616400000000
O           -1.01868700000000       -0.90579700000000        4.54028700000000
O            1.83724700000000       -1.29826100000000        4.85174400000000
O            0.17226500000000        1.29820800000000        5.21744600000000
O            3.23249600000000        0.59097700000000        6.26816400000000
O           -1.16257000000000       -1.41913400000000        1.71201700000000
O           -0.15417900000000        0.53587700000000        0.35586900000000
O            1.61814500000000       -2.13481400000000        0.55046700000000
O           -1.40183900000000        1.23169200000000        2.89574100000000
O            1.16062700000000       -0.06075300000000        2.64112800000000
O            1.13892000000000        2.93124100000000        1.56542100000000
O            3.14502700000000        0.42884200000000        0.66953800000000
33
 energy: -92.016942494335 gnorm: 0.040385495019 xtb: 6.7.1pre (5071a88)
Ti          -3.71119112782967       -0.45395139871617        4.76862589566644
Ti           0.24798242351660       -1.88892257640765        4.62754555393863
Ti           1.01945906721363       -3.07262988743016        1.93904972775670
Ti          -1.52104554662802        1.39334643432908        4.65506550806515
Ti           3.43194433374289       -0.56940949037866        5.06306106400200
Ti           1.67399495759295        1.41760531102551        6.00030604662426
Ti          -2.55265977237204       -2.00740128427084        2.55936706830477
Ti          -0.43844956921342        0.10490458556987        2.04616941273239
Ti           0.75275615954325       -0.85514722155922       -0.37607030039957
Ti           0.64622919944254        2.85179594529764        3.21742149208518
Ti           2.82449403501420       -0.49135332755049        2.11179971059558
Ti           2.26595370011927        1.96803133290660        0.64863808103655
C           -1.41717210558351        3.48403079355699        4.44560292909683
C            4.11471414893471       -1.88914773868928        2.93823324843238
C            3.05145728745305        1.87898872021770        3.85731353040986
C           -0.65778881730925        4.25964859234752        3.84476949072712
C            4.57475376941201       -1.95219045875406        4.09357273656494
C            2.31806086401132        2.85551234894638        4.35621608745018
C            3.72992946129664        0.83243482429565        3.47990349551545
O           -3.01275458313694        1.03153782819830        5.37594097531515
O           -3.72422056856566       -1.94788115374903        3.83203143038483
O            0.25534624234958       -3.21055371304799        3.50605122392139
O           -1.06082142752218       -0.86472989307422        4.52714313117894
O            1.86381479986340       -1.31275366937742        4.90217794919953
O            0.14170944851530        1.31809075026604        5.19227036088977
O            3.21591550010015        0.56461676581289        6.33716201907304
O           -1.15481442294952       -1.41701006944781        1.69717581069992
O           -0.15012095289468        0.53114617769075        0.35005416930228
O            1.60931240938345       -2.14097206380093        0.56541493912700
O           -1.41657744720385        1.23426828173623        2.87003699485896
O            1.16424946599923       -0.05427201305453        2.62670323136583
O            1.11727033346100        2.90434305571439        1.57796928638575
O            3.14106973424356        0.42564821139688        0.66254769969283
33
 energy: -92.025272243366 gnorm: 0.038846268946 xtb: 6.7.1pre (5071a88)
Ti          -3.72887079435931       -0.48126841383191        4.80356751072866
Ti           0.28724921908036       -1.83655202913174        4.56830056987032
Ti           1.03229342205374       -3.10496689189893        1.95678286812332
Ti          -1.57164621202789        1.41032476999268        4.62079721523495
Ti           3.48558549256167       -0.57978839312288        5.09053640025136
Ti           1.61401769130896        1.31359148287353        5.99899542331891
Ti          -2.58797439430174       -1.97655451205383        2.51867917481420
Ti          -0.43248838253170        0.12045680629736        2.02916758636616
Ti           0.75525374572894       -0.87770062607786       -0.39393669350028
Ti           0.66434173991642        2.90999922744227        3.22674883041621
Ti           2.84559613967932       -0.48862542701385        2.11630798820717
Ti           2.26481279611752        1.97359860088255        0.63690071446141
C           -1.42529443261724        3.50907839670886        4.47858154618266
C            4.12842411207352       -1.89228055247710        2.92362922924218
C            3.05959271727356        1.88721816410858        3.80504299513970
C           -0.66573674210649        4.28361810160395        3.87776346778185
C            4.58443696235760       -1.97402219518152        4.07732847879892
C            2.35700698244380        2.87200466638617        4.33046320292428
C            3.75124096286241        0.84031366772728        3.47207353273059
O           -3.03939272307323        1.01977509685487        5.39147848160691
O           -3.70925890915249       -1.95816746193753        3.83838781988028
O            0.26216530625373       -3.24219686746424        3.52611397857794
O           -1.07047909650331       -0.85166079481526        4.60540947053516
O            1.91633029780550       -1.34557164522128        4.94187337512396
O            0.08449766807406        1.36567163882335        5.17522358927115
O            3.19664679202026        0.55148558216878        6.37330410739289
O           -1.15051986158209       -1.40726270699111        1.69593915442398
O           -0.14152814504564        0.51977405083267        0.33338569278746
O            1.59878095961895       -2.14688559804772        0.58605202746534
O           -1.43074232518132        1.24848790977521        2.83872288651455
O            1.17077696712978       -0.04858938432461        2.62271198154499
O            1.10350194176444        2.89109665444934        1.57485795832842
O            3.13418110235790        0.42322268266390        0.65807943545445
33
 energy: -92.030524443331 gnorm: 0.041931127005 xtb: 6.7.1pre (5071a88)
Ti          -3.72003648067856       -0.49645241002684        4.84316650890757
Ti           0.28032489822615       -1.77239104949902        4.51176142654795
Ti           1.03257014925567       -3.12962394046042        1.98025295222466
Ti          -1.59989790493092        1.43103962105933        4.59259270191199
Ti           3.51229072757245       -0.62091684607065        5.09547843285241
Ti           1.56054227251137        1.22285834618221        6.01565844038296
Ti          -2.54260270066512       -1.97058167860551        2.56254159486940
Ti          -0.40619481419815        0.15586762472942        2.02030825363211
Ti           0.77238239040777       -0.89290532541548       -0.39600323995027
Ti           0.64110313699430        2.90538707420346        3.24800950488244
Ti           2.87827130105276       -0.47453836540308        2.12446872740696
Ti           2.24553884729569        1.97170674310191        0.63099418170932
C           -1.46667708543343        3.53026325361511        4.48560094997425
C            4.14754494105061       -1.90383727649008        2.89140946246662
C            3.07509212578447        1.90002258435191        3.77388961371122
C           -0.67253611278485        4.29184868630548        3.91383649622290
C            4.59724361507341       -2.00001827358084        4.04529536586772
C            2.36319927272068        2.87434890320762        4.29549202608600
C            3.77530179189606        0.83326861206313        3.49306126947648
O           -3.04449097926933        1.02134113768587        5.41003288806218
O           -3.70200281086314       -1.94934410797414        3.84186748956702
O            0.25533223903965       -3.25815253663832        3.55340498988881
O           -1.08916164043916       -0.81782956284910        4.53911046954079
O            1.91806320480029       -1.35479767592255        4.92423939677923
O            0.05144293907533        1.42200727654816        5.16050627283909
O            3.17094923755016        0.52817075466344        6.37194887554150
O           -1.10281066444202       -1.39556719789114        1.73912321881756
O           -0.13271361611320        0.51450540486517        0.31849054205523
O            1.59455546286774       -2.15483167339123        0.61694274624962
O           -1.43476944683563        1.26790306646014        2.81730989594348
O            1.19371939107370       -0.02235308550374        2.63871377220485
O            1.05940207823585        2.84565156854804        1.58756027488941
O            3.13182523416940        0.42557434813164        0.65220449843870
33
 energy: -92.035925498785 gnorm: 0.031714851830 xtb: 6.7.1pre (5071a88)
Ti          -3.71886418561149       -0.50185928173704        4.86287815217948
Ti           0.28453166310171       -1.76831848367508        4.53519956055378
Ti           1.05112139415176       -3.13142688230251        2.02359924028581
Ti          -1.62070154368767        1.44639482714247        4.56620456231281
Ti           3.52703929462858       -0.66400686497299        5.10152097424904
Ti           1.51054374633982        1.15172544898979        6.02876736569331
Ti          -2.52395530845007       -1.94306433724534        2.57486319415930
Ti          -0.38826280802372        0.20512239333581        1.98162793450879
Ti           0.78269776045031       -0.91311202061197       -0.39304601016603
Ti           0.62386825320930        2.90312970984626        3.27295303860877
Ti           2.90403647241132       -0.46010999169999        2.10685280927286
Ti           2.22503450416647        1.98086343678852        0.62178484278638
C           -1.52057424227730        3.54605618940605        4.47117181528139
C            4.17084917758961       -1.90442562816373        2.85563973252500
C            3.11993244618730        1.91966849479657        3.75013948480025
C           -0.68195002438680        4.29755681923568        3.94590240796755
C            4.61107366997973       -2.01257272933124        4.01346428231835
C            2.38456127117865        2.87994249885560        4.24024891972067
C            3.79312092984704        0.80122639262977        3.52112581702322
O           -3.04976826310914        1.02574599687499        5.41463403820955
O           -3.69447975891456       -1.93914093808667        3.83903692308701
O            0.24044345059752       -3.25558188425677        3.59008524647983
O           -1.06125782812287       -0.80859394409843        4.56357183469207
O            1.92110745416579       -1.40255046016880        4.92169623434351
O            0.02233962634526        1.44836159664024        5.16666569459826
O            3.12181361448515        0.49521698418527        6.37506500059010
O           -1.07269700230213       -1.36900537565775        1.76293343030415
O           -0.13582387919183        0.51866655218452        0.27526205268720
O            1.59629198617229       -2.15851980068460        0.65275955510897
O           -1.43542459482193        1.28875536249287        2.79553210151944
O            1.20642846574643        0.00607588319489        2.62410803301854
O            1.00830930988103        2.79977610681244        1.60060610913975
O            3.14141594826443        0.44562792928104        0.63641562214110
33
 energy: -92.041027310556 gnorm: 0.031925239633 xtb: 6.7.1pre (5071a88)
Ti          -3.70699323185016       -0.50474414053409        4.87470505806098
Ti           0.28451644082107       -1.75268194780800        4.53643647069683
Ti           1.06868165163302       -3.12726679313341        2.05560893204606
Ti          -1.64157161178207        1.45865469341388        4.56089093258707
Ti           3.52722099238219       -0.68024315710707        5.05328245641485
Ti           1.45233512519348        1.08285954391804        6.06021978447466
Ti          -2.51573472944777       -1.90365996368411        2.57972084859900
Ti          -0.36575529885033        0.24913339619325        1.95176569971535
Ti           0.81529620298842       -0.93519034093497       -0.37722682133067
Ti           0.64026254552879        2.95766039313356        3.30190774743392
Ti           2.93117448948254       -0.45500832140022        2.11858658701830
Ti           2.19094471431375        1.98203896544894        0.61430762766167
C           -1.58285760591344        3.55684193168615        4.43938729062618
C            4.20922856210112       -1.92412724860894        2.81673875908270
C            3.14829944443836        1.93188635715516        3.71526201144300
C           -0.71687210607956        4.30887741580852        3.96104865187077
C            4.61910793477138       -2.03389831305195        3.98726099443218
C            2.43180318224848        2.89901412950462        4.16939436136475
C            3.82776313534451        0.78738079223195        3.54248915705066
O           -3.05249251938560        1.02296372689713        5.43488447587211
O           -3.66105755566090       -1.94336004079725        3.86110542455040
O            0.21319034710047       -3.23587018035173        3.61265756600909
O           -1.03485163862329       -0.78883300535581        4.57252434837266
O            1.91531359890411       -1.44492359102812        4.85898839973818
O           -0.00585142564678        1.47511413524709        5.20557384508763
O            3.03932123761943        0.44206001995886        6.36703121351297
O           -1.04545912822913       -1.34147062599278        1.79139741095606
O           -0.12997906136908        0.51410632427794        0.24347325425603
O            1.62720757886250       -2.16437287302148        0.68912618923705
O           -1.43609974789048        1.28834532468477        2.79828168994309
O            1.20773129506066       -0.00759531226683        2.65130001007241
O            0.94848469478833        2.75665706143309        1.60602822609810
O            3.14049348714599        0.45727564408363        0.64511139704623
33
 energy: -92.044341883180 gnorm: 0.031466290684 xtb: 6.7.1pre (5071a88)
Ti          -3.68254188975395       -0.50121193091182        4.88677768444028
Ti           0.28234981528899       -1.73878150137588        4.53008502219678
Ti           1.05451429939531       -3.12996070657725        2.06964207414650
Ti          -1.64083748554887        1.47627843648033        4.54977667904468
Ti           3.52508012638114       -0.68107750763038        5.03795443476377
Ti           1.41140168300831        1.03976253429209        6.09574384902233
Ti          -2.48839164677710       -1.87634860875709        2.58531327089410
Ti          -0.34605206072035        0.29138353179770        1.92313441307874
Ti           0.83654365156420       -0.97521343164946       -0.37128251288817
Ti           0.62745323824001        2.94039433375007        3.33525803838171
Ti           2.94939094867516       -0.44032435156357        2.09112167684627
Ti           2.16707267067597        2.00201751001536        0.62109941309070
C           -1.61799771142131        3.57171874444286        4.42022153935514
C            4.23220214600635       -1.91527060878843        2.78875853581084
C            3.15065562994861        1.90372872143717        3.70516418546300
C           -0.73003648607198        4.30730817837722        3.96355341732496
C            4.62871227705189       -2.02447776886984        3.96397129605892
C            2.45069926318947        2.89389986536079        4.11351095551323
C            3.83941627196516        0.75580256028038        3.56487444138270
O           -3.03734875563536        1.02997695864161        5.44223359684703
O           -3.62760315428916       -1.93770639691569        3.87178811414169
O            0.17393353962655       -3.21712544447761        3.62278852736317
O           -1.02866897509869       -0.76591608941480        4.62757631055641
O            1.92544766516248       -1.49922237081071        4.83701837431002
O           -0.00684597825066        1.51498021651810        5.21612338714498
O            2.97595289905787        0.40335383069915        6.38253177307751
O           -1.02008728702523       -1.31075779508069        1.80364995874989
O           -0.12860000764241        0.49007749334741        0.20298103969307
O            1.65512763600488       -2.18022917053396        0.71651451803770
O           -1.43778520539763        1.29072365469655        2.79474306205221
O            1.21663487406605        0.01227004422347        2.64680662507756
O            0.88009967367328        2.70350899388056        1.62695335712542
O            3.15290933465099        0.49406207511619        0.63288294189724
33
 energy: -92.046992565864 gnorm: 0.027606166252 xtb: 6.7.1pre (5071a88)
Ti          -3.67779572567684       -0.49929303907631        4.91443780233161
Ti           0.27909184729717       -1.72067421545684        4.50594840159985
Ti           1.07523368882064       -3.13785292196187        2.08734151297783
Ti          -1.65235490018543        1.48117757549981        4.55217826482938
Ti           3.52204691862804       -0.67586774826733        5.02040104707002
Ti           1.37083151450805        0.99334036219075        6.10793966725984
Ti          -2.46583385660333       -1.85693754409096        2.59780298254146
Ti          -0.33669487378753        0.32554472251805        1.90253884678126
Ti           0.85869307254761       -1.01736345320352       -0.36027272689523
Ti           0.64477217315743        2.94539123232956        3.35830470895216
Ti           2.95451990589778       -0.43738265723751        2.07223096927217
Ti           2.13969554502904        2.01796047137764        0.62458812852748
C           -1.63210520702712        3.57676367732872        4.39799132877581
C            4.25436151313784       -1.90441427868221        2.76448053490305
C            3.18048087669246        1.89759427738034        3.72566578187655
C           -0.73005568982437        4.30572800577879        3.96368141969309
C            4.63727773404476       -2.02121867881951        3.94306005976241
C            2.47454290119742        2.91031576652850        4.07238693730026
C            3.83846619008050        0.73677128285927        3.58420292149393
O           -3.04106397758580        1.04127694061617        5.45164339963385
O           -3.61313421706169       -1.92616554758798        3.87907381789932
O            0.13907515606025       -3.19937806390468        3.61919655226612
O           -1.02616692572614       -0.73625645337784        4.66876097978141
O            1.94075739358673       -1.54625672727037        4.79695133360826
O           -0.01197311253524        1.54603437793160        5.21598332303387
O            2.92038910879770        0.36210240526278        6.39463046928664
O           -1.01850353452827       -1.27584119308486        1.80616491851958
O           -0.10976392815899        0.46323628471281        0.17483037052131
O            1.69490943467485       -2.19936690862569        0.73605492165606
O           -1.45176273048145        1.27623559857141        2.80522621386576
O            1.21150420799640        0.01656374939239        2.64872156395638
O            0.82173686810627        2.66192753052845        1.63598257272372
O            3.15162362892125        0.52392916984026        0.63114097419522
33
 energy: -92.049037469984 gnorm: 0.030865105249 xtb: 6.7.1pre (5071a88)
Ti          -3.68154739470338       -0.48955017828508        4.92126676908334
Ti           0.27407882704179       -1.70860610680353        4.48643661434059
Ti           1.03502845594885       -3.16488470961900        2.08961890248889
Ti          -1.65851975577633        1.47753350001403        4.55137777267733
Ti           3.51874791726589       -0.67877237073606        5.00572536879346
Ti           1.34429329066313        0.95526229718697        6.09643495757240
Ti          -2.44861303181461       -1.83709729831802        2.60684534416685
Ti          -0.32120585430412        0.34224163897664        1.88734972659642
Ti           0.88885599223388       -1.04982064917351       -0.34526368520483
Ti           0.64999193179634        2.95117809239284        3.37597446207677
Ti           2.97233417174258       -0.42565669731408        2.06200468172663
Ti           2.11283438059776        2.04180703775195        0.63860321602402
C           -1.63745136971032        3.58076863492892        4.38591770121957
C            4.28132932425763       -1.88784332252858        2.74034399474657
C            3.18810461650075        1.89998296785678        3.74992580946286
C           -0.72374957085354        4.31172498400535        3.97710750147282
C            4.64584954475492       -2.02872202592478        3.92307726360519
C            2.49227741150699        2.94444319375107        4.03562812529137
C            3.83684758620503        0.74814386271664        3.59892999288378
O           -3.04718927866460        1.05461385711979        5.44940360862517
O           -3.58518994403063       -1.92643566758855        3.90070407443277
O            0.10521931121002       -3.20326367273284        3.62750072096667
O           -1.03691042968946       -0.72600981361933        4.71649539998461
O            1.94948732536388       -1.56435328216606        4.72757626095977
O           -0.00835853109396        1.56901396352507        5.20153988468341
O            2.88648055301622        0.31557418529605        6.40054305179446
O           -1.00211223688405       -1.26487736221313        1.82063058852594
O           -0.08058355859025        0.43330760873115        0.15385487357214
O            1.72242620877908       -2.21269790739025        0.77356576202624
O           -1.46412264757631        1.24364091108363        2.81187808327643
O            1.21772872874139        0.02926025671705        2.64481235119287
O            0.76583279534038        2.63407665650959        1.64667933067191
O            3.15060623072499        0.56364141584903        0.63678149026414
33
 energy: -92.050839907045 gnorm: 0.033588845800 xtb: 6.7.1pre (5071a88)
Ti          -3.69611585984698       -0.47364360652813        4.93513209058207
Ti           0.25522387847048       -1.70385612427576        4.46862066716527
Ti           1.07379151405226       -3.18024128590478        2.11913351068487
Ti          -1.65593149892930        1.47216024314382        4.55180527585495
Ti           3.50951673799534       -0.70932098896462        5.01451702875447
Ti           1.32675463456147        0.91824405762990        6.08102209472794
Ti          -2.45157373830322       -1.81925634526942        2.62500988141871
Ti          -0.31841091059082        0.35245542924958        1.87585347345491
Ti           0.90363149264082       -1.07588513869579       -0.32959651758894
Ti           0.65889627103504        2.97204846498487        3.37956748348167
Ti           2.97750343017482       -0.42882517867050        2.05002872377913
Ti           2.09831093034950        2.06902107142790        0.65797218545078
C           -1.62895923390628        3.58378856752500        4.37415770480650
C            4.31507992000317       -1.85789651238893        2.72022549637473
C            3.18232256696816        1.89560341844825        3.77430009068087
C           -0.72125752776729        4.32454082601757        3.97930271720622
C            4.66983721017726       -2.02261451077657        3.90099189911766
C            2.51283477956119        2.97741377252853        3.99626630989982
C            3.82098949018345        0.74682023048325        3.61448289696598
O           -3.05165715513052        1.07570437553384        5.44380141852516
O           -3.58950621454975       -1.91434395432245        3.91776499730302
O            0.08274956240575       -3.20744246983334        3.62687250290312
O           -1.04205964150969       -0.71461706951041        4.73028691135850
O            1.95045298086948       -1.59261169358188        4.67072527437633
O            0.00648232632003        1.58938980332801        5.18397119078807
O            2.86338945745348        0.25392932589242        6.41116853566831
O           -1.00972983839061       -1.25540721133841        1.83619031283331
O           -0.05642173879772        0.40371653429024        0.13861298025054
O            1.75019072809477       -2.21991260336083        0.79783352424259
O           -1.47799496045067        1.21083740786056        2.81919401890645
O            1.21312661252047        0.03629912730666        2.63557004351711
O            0.72834689223448        2.62389090651912        1.65030501138769
O            3.14298790210135        0.59763513125205        0.64818026512280
33
 energy: -92.052341501184 gnorm: 0.023888434145 xtb: 6.7.1pre (5071a88)
Ti          -3.71553041439779       -0.45758609198846        4.93554150170195
Ti           0.24687741591657       -1.70668823228402        4.45924816640702
Ti           1.06469972039214       -3.19799752003681        2.13312059968453
Ti          -1.64760707710191        1.46676053215429        4.54825841714431
Ti           3.50550197108078       -0.73766261532190        4.99254474310968
Ti           1.31277964547847        0.87538531000107        6.07314969527012
Ti          -2.44925958283848       -1.81686686069956        2.64395961080925
Ti          -0.31626898966160        0.35549825187742        1.87298986093834
Ti           0.93561404509679       -1.07058589337348       -0.30355733817349
Ti           0.65592988569956        2.98340177087735        3.36709680714945
Ti           2.98887957425205       -0.41954568318969        2.06848263709203
Ti           2.08192770836905        2.07752062054638        0.67124567798178
C           -1.62723120469393        3.58186101453745        4.34971176921408
C            4.35419746016461       -1.83475998306232        2.69656697755978
C            3.18294568922682        1.93265596209656        3.79615767897455
C           -0.71338006337678        4.33811087348998        3.98314084022862
C            4.69063172747869       -2.02923157445505        3.87911210701677
C            2.50948826347585        3.01309455431322        3.96964142698288
C            3.81523961891130        0.78059251244671        3.62446896077487
O           -3.05407948305127        1.09217523710662        5.43339105858880
O           -3.61155331404692       -1.89689583873578        3.91259145791215
O            0.06243950675276       -3.22352571872447        3.63398158241647
O           -1.04019744035108       -0.71762723102057        4.78048218414669
O            1.95532982710760       -1.61173903237578        4.60133514309160
O            0.02391244344497        1.59779706856449        5.17401640462124
O            2.85253833290833        0.18532122402176        6.39994572769353
O           -1.00385250550529       -1.26139779994726        1.85814192076721
O           -0.03562644755487        0.38611041182088        0.13604070665286
O            1.76809932989262       -2.21468671877318        0.83292586694495
O           -1.48952958735187        1.18312213354471        2.82107840958713
O            1.20775721220494        0.04834405950772        2.64097210408261
O            0.69539792527947        2.61067103815351        1.64205568640672
O            3.13672980679829        0.61599821892787        0.67143160722225
33
 energy: -92.053305897172 gnorm: 0.020157047782 xtb: 6.7.1pre (5071a88)
Ti          -3.72490530132633       -0.43375847485874        4.91992258173401
Ti           0.22897770735929       -1.71509909633504        4.45307414586757
Ti           1.05315247542922       -3.21777734138669        2.13946959374287
Ti          -1.63211205366533        1.45862771063654        4.54845970605430
Ti           3.48972310373964       -0.77409619397147        5.00027428328556
Ti           1.30133302762869        0.84921434959816        6.07721584682556
Ti          -2.45131649901320       -1.81472230393119        2.66095527032362
Ti          -0.31853755520556        0.35351627730434        1.87288707104319
Ti           0.94408467848716       -1.07156476259532       -0.28234515571695
Ti           0.66721781143642        3.01926138474353        3.34843318901300
Ti           3.00036467588143       -0.39631122985177        2.06412419560761
Ti           2.07489827827239        2.09978483021997        0.66827121605714
C           -1.60988212499013        3.57304218738678        4.33976015567502
C            4.38976166899428       -1.79001855598497        2.68191946024046
C            3.17930576153752        1.93764735128990        3.81209156129210
C           -0.72775640195920        4.35006594307859        3.96327957336515
C            4.70642103547626       -2.01263279493450        3.86748966911683
C            2.52406877497646        3.03275147540679        3.94132583621235
C            3.81235116770802        0.77106710766276        3.65157546504071
O           -3.04788368689971        1.10464045079925        5.43216986037698
O           -3.62021767134107       -1.88566850917473        3.91971718509142
O            0.05430640163830       -3.24498164075449        3.64171858673313
O           -1.04297433716085       -0.72960344891080        4.80796579791205
O            1.94458202677118       -1.62869855778083        4.55543017970756
O            0.04657002985245        1.59941105910121        5.17092610792856
O            2.83244597153419        0.12137459644138        6.40644487345974
O           -0.99115233323373       -1.27840894112463        1.88431011745394
O           -0.04012282387154        0.36320901996060        0.13166196453424
O            1.77417078749459       -2.21190067996228        0.85892747008150
O           -1.49814225667912        1.16141942671286        2.82372504677598
O            1.20466026108397        0.07015229394161        2.63765182824095
O            0.67587842450516        2.61730897699973        1.62397001589124
O            3.14352997553902        0.65037209027311        0.67646730103338
33
 energy: -92.053921263463 gnorm: 0.016305573230 xtb: 6.7.1pre (5071a88)
Ti          -3.72482096644877       -0.40769164618727        4.91267408828928
Ti           0.22140853870938       -1.71222763763230        4.44122160536816
Ti           1.09838523729410       -3.22274576838015        2.15721620336556
Ti          -1.61748399314137        1.46650636727649        4.54289146139423
Ti           3.48020557413106       -0.79062613614087        4.98613076551625
Ti           1.28537825452890        0.81289624233718        6.09082871029389
Ti          -2.47030612738068       -1.79571269655321        2.65844761700297
Ti          -0.32156064124879        0.35800849763254        1.87269662915457
Ti           0.94444942299440       -1.08205980924864       -0.26754218231013
Ti           0.65431167579063        3.01586471695445        3.34447270840887
Ti           3.00801892710254       -0.38337839846499        2.07192836130793
Ti           2.05628944408174        2.09870400286447        0.67124756569037
C           -1.60824112469942        3.57476787610957        4.32640194684158
C            4.40802078484391       -1.77484193369226        2.67658597215225
C            3.16315634767503        1.93023472557706        3.81276055371127
C           -0.72255506701684        4.36321148151693        3.96343882283954
C            4.72406953994518       -1.99258069880196        3.85636631478046
C            2.52581864458691        3.03322141627707        3.91917501316290
C            3.81503097034596        0.76647782220361        3.66530071039509
O           -3.03597703151139        1.12208366612251        5.43479861900354
O           -3.62650881057989       -1.86689041600112        3.92547160015726
O            0.05778060583085       -3.25059095670806        3.64060236594412
O           -1.03719105801610       -0.72927431257079        4.83634086129506
O            1.94138354189242       -1.64250099556063        4.52261955719708
O            0.06570801521243        1.60677751988185        5.15912316541304
O            2.80972044190382        0.06364287047601        6.40960441751015
O           -0.99034514797618       -1.28023344610277        1.89602126575057
O           -0.04063221747409        0.34775332184261        0.12797456948066
O            1.79270092248913       -2.21124306484811        0.86979136846344
O           -1.50368287730564        1.15934584693250        2.81993312426375
O            1.19764272097434        0.08472288576376        2.64614366564301
O            0.64312810341954        2.59923565189173        1.62048005044320
O            3.14949834904675        0.66676700523245        0.68812250207087
33
 energy: -92.054414645619 gnorm: 0.015504477899 xtb: 6.7.1pre (5071a88)
Ti          -3.72333205080961       -0.39420084676225        4.92670178525728
Ti           0.21958074761877       -1.71601787927306        4.43214156153104
Ti           1.11310503313816       -3.22657563462407        2.15485402170975
Ti          -1.60775312828301        1.46957953065972        4.54798716559015
Ti           3.47063576082072       -0.78964914102315        4.97415838690442
Ti           1.27604826848825        0.79655919018874        6.10451125593301
Ti          -2.46048270450421       -1.81196946195373        2.67728018714260
Ti          -0.32846685467928        0.35122127417008        1.87650670140905
Ti           0.95327761763687       -1.08435303062347       -0.25926308529298
Ti           0.65449561151196        3.01791129280551        3.32707972691261
Ti           3.01503642491683       -0.36888774962454        2.06699937692536
Ti           2.05750763559005        2.10844143118483        0.66035415435219
C           -1.59329507725449        3.57243278878372        4.31935321940120
C            4.41958944169881       -1.76090864398413        2.67343324850232
C            3.14667684486780        1.92462962357006        3.81986372641938
C           -0.71900847941106        4.36888672725097        3.94716454216162
C            4.71087166134505       -1.99795325609489        3.86237695006422
C            2.51313749097440        3.02720248711633        3.91996421148422
C            3.80742658557375        0.76975858204984        3.67184008785018
O           -3.02704745046529        1.13354089961197        5.44602513244102
O           -3.65264314255212       -1.83929438513189        3.91063707787168
O            0.06400150184906       -3.25656427638135        3.63461629799650
O           -1.03356154102244       -0.73449751694479        4.86202937582055
O            1.93941807132207       -1.64774094488910        4.51180936303083
O            0.07944843735715        1.60483665493800        5.14954984771156
O            2.79339809789568        0.03126425845109        6.41472907073717
O           -0.99074296494274       -1.29008838603314        1.90012844559765
O           -0.05113096470894        0.33413141630990        0.12856568718668
O            1.81015705037113       -2.20734684179704        0.87632293795142
O           -1.51015873559768        1.15305934703736        2.82422496154249
O            1.19322060104858        0.09207364542664        2.64499176713001
O            0.64938196090990        2.61617288068785        1.60876344198762
O            3.15400924929576        0.68196996489769        0.68356936873800
33
 energy: -92.054868385957 gnorm: 0.014345205721 xtb: 6.7.1pre (5071a88)
Ti          -3.71905953828841       -0.37865058466847        4.93517295064665
Ti           0.21579261937059       -1.71590930613954        4.41260416085321
Ti           1.11544311074248       -3.22865951044281        2.14179559763667
Ti          -1.60243785043300        1.47144965162822        4.56022399602127
Ti           3.45974226373298       -0.79140914971126        4.97887082804854
Ti           1.26354179877665        0.78706128614199        6.10716174437303
Ti          -2.45299606236004       -1.81659236187369        2.68883670136871
Ti          -0.33291664799357        0.34832660098386        1.87796795427710
Ti           0.96959057077729       -1.07735245226438       -0.25329954457783
Ti           0.65398261670885        3.01639500605080        3.31250308820608
Ti           3.02709527371665       -0.36065856233463        2.06052301548820
Ti           2.04197398143758        2.10055227322997        0.64353977582626
C           -1.57500102357775        3.57106822184877        4.32254073442978
C            4.41891308768802       -1.76106980282777        2.68056186163039
C            3.15198598548676        1.92938910486156        3.82650980937652
C           -0.71815957384553        4.37211883750414        3.92890765090775
C            4.70965972303728       -1.99024062978621        3.86639904306538
C            2.51186488591947        3.03511187396041        3.90532415417444
C            3.79690274718436        0.76268036745728        3.68881772340819
O           -3.01900170653642        1.14032797381249        5.46684252810552
O           -3.65788289627801       -1.81989966637005        3.90986062549362
O            0.07172155464400       -3.26406247369984        3.62528374643230
O           -1.03454071051426       -0.74175090931010        4.87833709835762
O            1.93375818747587       -1.65030143201617        4.50285404832655
O            0.08814491997386        1.59773027599727        5.14295496831094
O            2.76722521456398        0.00643887327394        6.42552588720457
O           -0.98761079723720       -1.29573138097825        1.90156277400811
O           -0.05186339080156        0.33349765345115        0.13137364801781
O            1.82992934861152       -2.19494723208416        0.88370544752824
O           -1.51550965888454        1.14647997298393        2.83480346372396
O            1.19007542414369        0.09565014394319        2.64241318866504
O            0.63150162447964        2.60914036408614        1.59127474512397
O            3.16093591827866        0.69144097329190        0.67751658554221
33
 energy: -92.055328212520 gnorm: 0.016950046843 xtb: 6.7.1pre (5071a88)
Ti          -3.70696340462383       -0.35677356304376        4.94598864886873
Ti           0.20190641578658       -1.71474164379152        4.38502627182377
Ti           1.13900699532060       -3.23129657467923        2.13270861851709
Ti          -1.59252774070395        1.47615369637088        4.57240886490570
Ti           3.43841536100191       -0.79587016927626        4.98402066841704
Ti           1.24440059517913        0.76459149502456        6.11426457852536
Ti          -2.46350516471582       -1.80763077786900        2.69758076830063
Ti          -0.34181203103491        0.33942531273442        1.87542955543734
Ti           0.96809442634669       -1.08734855318870       -0.25973756700990
Ti           0.65196058274635        3.02014436737456        3.29669022010866
Ti           3.05191811116938       -0.34779656730187        2.05560814071731
Ti           2.03123498993984        2.09644258270749        0.62987953747693
C           -1.55382210595013        3.57330600904095        4.32830072696358
C            4.43658891955760       -1.75189182772981        2.68584489539544
C            3.16129092780092        1.94582737142111        3.83194909839603
C           -0.71397008804028        4.38490990942966        3.91328913462116
C            4.69371034862704       -2.00095407555604        3.88243893169582
C            2.50982819750659        3.04521042598546        3.89276175090422
C            3.78400672880201        0.76386562988735        3.70868468460929
O           -3.00110600931014        1.14803681790282        5.49819999728709
O           -3.64763568500437       -1.80620066482185        3.93491235079095
O            0.08801521647288       -3.27696148757982        3.61421104633445
O           -1.04091514847992       -0.75557451361487        4.87889997213976
O            1.91567367778502       -1.64723939247050        4.49140506864904
O            0.10399240300341        1.59678613033473        5.12064964412137
O            2.73176406836801       -0.03324268536961        6.44128556128347
O           -0.98723899027894       -1.30984009049610        1.90727324800902
O           -0.06141558602094        0.32162493125754        0.12776363667931
O            1.84908316568587       -2.18129145283786        0.88757399394010
O           -1.52122066414998        1.13831056855915        2.84379258084734
O            1.18509330950078        0.10104738401792        2.63198092429089
O            0.61207069277960        2.60638515707639        1.57272400547876
O            3.17687848493292        0.71021025050155        0.67546044147510
33
 energy: -92.055676109948 gnorm: 0.016887170333 xtb: 6.7.1pre (5071a88)
Ti          -3.70156872462638       -0.34306111877895        4.96325511141874
Ti           0.19273426595963       -1.72186329153369        4.36068616858972
Ti           1.15932903945038       -3.23144979160159        2.11834507144030
Ti          -1.58013964235777        1.47701634087336        4.58437942196081
Ti           3.41943030635321       -0.79444211143141        4.98983645566275
Ti           1.23159843745723        0.75394512530188        6.11696485990110
Ti          -2.47440822609819       -1.80633762524519        2.71165382117178
Ti          -0.35591463219594        0.32803748603830        1.87537095328354
Ti           0.96981781443953       -1.08586733113943       -0.26775550510979
Ti           0.65061757010927        3.02711206054208        3.27679194229071
Ti           3.07044232228329       -0.34699766306545        2.06343254889092
Ti           2.03985319874347        2.08941202749904        0.63214977432421
C           -1.53048565800716        3.57510125097929        4.33633550015124
C            4.44010642209720       -1.75647510437894        2.70483221245068
C            3.14979949573549        1.95107621650009        3.82753277678116
C           -0.71344353396833        4.39733960268735        3.89286132514135
C            4.70368032723910       -1.98622424190631        3.89261065832212
C            2.50662285267613        3.05087120480987        3.88373694965210
C            3.77382853384301        0.77358308135969        3.71556276196256
O           -2.98497823535811        1.15412715893300        5.52005387722491
O           -3.66078635634751       -1.78893252168289        3.94436096648466
O            0.10096443389618       -3.28831695416276        3.59501535574731
O           -1.04185974820641       -0.77342528963310        4.88990353746972
O            1.90303790948153       -1.64064650082454        4.48095956755887
O            0.12150614326581        1.58717736819641        5.09872744621617
O            2.70861419370257       -0.06231878465661        6.45274293959977
O           -0.99447100648218       -1.32467104364246        1.91188585383701
O           -0.07604188283605        0.31121535735398        0.12656962383606
O            1.86298165313684       -2.16787703929192        0.88203393928439
O           -1.52695290993462        1.13180688319348        2.85229102216269
O            1.17445026380154        0.10807905659073        2.62422511677541
O            0.61728972243212        2.61731125457569        1.55808600142706
O            3.18714665031509        0.71331893754078        0.68383194409076
33
 energy: -92.056149983564 gnorm: 0.017002558634 xtb: 6.7.1pre (5071a88)
Ti          -3.69898494821491       -0.33416505093618        4.99221700172629
Ti           0.18620279825026       -1.72352229049067        4.32516762588953
Ti           1.18909478327876       -3.22814755250436        2.10804601254355
Ti          -1.56837578707684        1.47937048313026        4.59615411118479
Ti           3.40481776485860       -0.79991549861806        5.00574028480730
Ti           1.20955522981793        0.73615384422435        6.11641392013524
Ti          -2.48320725096195       -1.79406630548311        2.73039573133728
Ti          -0.36628868231327        0.33119771398355        1.86823026436685
Ti           0.98782147561970       -1.07286062593789       -0.26679012489312
Ti           0.64093934636375        3.02815212311975        3.26019621215156
Ti           3.09698228245543       -0.35530219806115        2.07213801516826
Ti           2.03508639456071        2.07499390779204        0.64082835438932
C           -1.51794691328253        3.58117695338496        4.34328723737402
C            4.48059707784111       -1.74327246833338        2.71801198041379
C            3.13462953974708        1.94425893143665        3.80880281557022
C           -0.71879689831827        4.40769313881115        3.87417746625876
C            4.70897467722460       -1.99216716174255        3.91511090357796
C            2.51671434967999        3.06618537030336        3.83662231387540
C            3.77027194637831        0.77024008874241        3.72929171972536
O           -2.96798986633627        1.16046992620962        5.54042348215456
O           -3.68161097370614       -1.76720195100896        3.94884782688112
O            0.10103883434425       -3.29224675953795        3.56893009625261
O           -1.03808341605373       -0.78540819169157        4.92730867365796
O            1.89671786794126       -1.64045961342452        4.45080464508184
O            0.13832844026601        1.58642521430881        5.08022634978507
O            2.67569056742787       -0.09658504859869        6.46755446977083
O           -1.00498939271287       -1.32398527191571        1.91809987378341
O           -0.08484526889192        0.30900448887354        0.12082835533661
O            1.88482119759200       -2.15340425339203        0.87760225269071
O           -1.53248862095815        1.12501224230815        2.86406187346152
O            1.16099447750999        0.11175685620940        2.61969334879471
O            0.59142133072838        2.60112201972225        1.54307354295513
O            3.19570863694082        0.71712093911631        0.69777336379232
33
 energy: -92.056652123766 gnorm: 0.014523903641 xtb: 6.7.1pre (5071a88)
Ti          -3.69185284353498       -0.34049519426024        5.01148057310168
Ti           0.18887056230658       -1.72575384430683        4.31003146290111
Ti           1.18921549277208       -3.22729076767127        2.09641386809484
Ti          -1.56380557412156        1.47958496000028        4.60343952606009
Ti           3.40175316068804       -0.79169046327056        5.01987388681601
Ti           1.19373804063574        0.72920838006115        6.13223927550996
Ti          -2.49334218560975       -1.77986924367677        2.73325086954177
Ti          -0.37566993225585        0.34019099166451        1.85865133875632
Ti           0.99469320496853       -1.05931918252640       -0.26321898180656
Ti           0.63635136420350        3.02015081685394        3.24365719401898
Ti           3.11519074196982       -0.36628176874711        2.07408227454744
Ti           2.04100580480159        2.06440866536802        0.63688959946845
C           -1.51782496729421        3.58314853134304        4.34802048137602
C            4.49637614096526       -1.74561591564613        2.73274921099478
C            3.13048748386447        1.94730696608661        3.79103305270705
C           -0.71942874738340        4.40217454736955        3.86600437639163
C            4.70744436350075       -1.99491671554594        3.93410673324151
C            2.51082967701668        3.06505572697221        3.81367058614425
C            3.76544678180790        0.76943992068838        3.73210932168404
O           -2.95511084551370        1.15375339935722        5.55367918859237
O           -3.68311832746203       -1.76686238483895        3.95753996696302
O            0.10575009531267       -3.29395027430920        3.55859505751396
O           -1.01714742987448       -0.78822829669955        4.92428029149831
O            1.90175554381514       -1.64619693599884        4.45773120335040
O            0.14382124388392        1.59417409883469        5.07410692255782
O            2.66064978835481       -0.09910879225825        6.48156417905537
O           -1.01906914019599       -1.31363023537373        1.91212385522410
O           -0.09701649718843        0.32003174684717        0.11520541887230
O            1.88975670426056       -2.14778468290765        0.87276043385284
O           -1.53364202890984        1.13016941035772        2.87163401064394
O            1.14730801932979        0.10856617179450        2.61606656025526
O            0.58986469596452        2.59558429265790        1.52993525314869
O            3.19952060892185        0.71167007178036        0.69956300892298
33
 energy: -92.057484634142 gnorm: 0.018555993162 xtb: 6.7.1pre (5071a88)
Ti          -3.67307173448707       -0.34677635633802        5.03979377156719
Ti           0.17996533676358       -1.72883570655341        4.27092742739154
Ti           1.19143144860247       -3.22038680779204        2.06905048974462
Ti          -1.54901584566256        1.47590918963537        4.61957346985151
Ti           3.38086655264138       -0.77600127150245        5.04166311404785
Ti           1.16560124657250        0.72045186799149        6.15472149298429
Ti          -2.50208391362411       -1.76367484550960        2.74492497495724
Ti          -0.39608756309068        0.35191384875573        1.84343202785151
Ti           0.98011886777712       -1.05364868570833       -0.26423158242945
Ti           0.63479480276296        3.00638653990872        3.20972852252682
Ti           3.15985023979395       -0.38195682273611        2.08095348251710
Ti           2.05576312688911        2.05370416291036        0.63265327440691
C           -1.51369177164194        3.58044257285835        4.35079160864370
C            4.52701532045999       -1.75092503737391        2.76643930929644
C            3.13735693800045        1.96358233451928        3.76797029672655
C           -0.71433017632007        4.38790782242506        3.85063568018686
C            4.70127137150792       -1.99508504006120        3.97482324118455
C            2.50847558943741        3.07463496680395        3.76260919745551
C            3.75809236447195        0.77194040339070        3.74467009518153
O           -2.92638330835932        1.14322525833888        5.57791050143497
O           -3.67676296127276       -1.76849342538830        3.97975192632396
O            0.10176975027400       -3.28987760528387        3.52411757401857
O           -1.00076621284924       -0.80369179830284        4.95540965755000
O            1.89653022097144       -1.64146849625772        4.44129824759217
O            0.16273826581366        1.60303803892831        5.06135309869248
O            2.62637011547486       -0.11932416213203        6.50910856411413
O           -1.03764431888496       -1.30578936847046        1.90704748391035
O           -0.12123546401658        0.32502350217554        0.10489789505686
O            1.90134154518941       -2.13689591923912        0.85534324140537
O           -1.54043404872890        1.12988505534655        2.88880446363526
O            1.11575675867867        0.10789111726249        2.61492064492397
O            0.59321931576230        2.59822933056291        1.50571119895256
O            3.21597914109310        0.71628933683562        0.71246560829774
33
 energy: -92.058673890245 gnorm: 0.026780730397 xtb: 6.7.1pre (5071a88)
Ti          -3.64322291937217       -0.36498114557391        5.07677144427978
Ti           0.16471566650893       -1.72305553090115        4.22559751893872
Ti           1.18244387588555       -3.20418962217712        2.03180148522113
Ti          -1.52737192743808        1.47035335330413        4.63668153045112
Ti           3.35004101307891       -0.74281435883709        5.06571467285488
Ti           1.14056727436856        0.72526030525262        6.17560312648054
Ti          -2.51489637800650       -1.75411844465845        2.74827606719316
Ti          -0.43309369457541        0.36584667571260        1.82268578519581
Ti           0.97015554163075       -1.03403844937078       -0.26273707441825
Ti           0.64039969543006        2.98582606445769        3.18714247253262
Ti           3.22602553846941       -0.40628765006085        2.09068642541102
Ti           2.05748195682288        2.01741047222190        0.63103245214622
C           -1.51255842215144        3.57459302162183        4.36677354867066
C            4.56287256766789       -1.76861360523797        2.82044109029595
C            3.14818192453726        1.97763280198108        3.72933172040950
C           -0.71039501117267        4.35783295852057        3.83677277307245
C            4.68366916063277       -1.99744679934412        4.04013586472390
C            2.52760238696796        3.08506941500289        3.70522586612065
C            3.75688155083993        0.77857879448985        3.74715156849136
O           -2.88683695434483        1.12509515345533        5.60096656682875
O           -3.66689642812741       -1.77718744336900        4.00171870640859
O            0.10222925742601       -3.27643315616209        3.48294252367003
O           -0.97811568323339       -0.82160871470515        4.97851866673033
O            1.88488221257959       -1.61003661690526        4.42667732125657
O            0.18749374503155        1.60295969315035        5.04829396485490
O            2.59865973842694       -0.13018276964760        6.54006649712898
O           -1.07295645992072       -1.29608407018787        1.88432455519117
O           -0.15320736849195        0.33497419810929        0.09417873712907
O            1.91688632777094       -2.12355722774236        0.83061085542230
O           -1.55018032714299        1.13812586532801        2.90547138497121
O            1.06108809659016        0.11374043484947        2.61502366183815
O            0.59046061395414        2.59085496999121        1.48724822330118
O            3.23979442935744        0.71410542743190        0.72813999719810
33
 energy: -92.060503704898 gnorm: 0.021323001428 xtb: 6.7.1pre (5071a88)
Ti          -3.63954793592848       -0.36825532694496        5.08633497520610
Ti           0.15196127029507       -1.67804373615120        4.18672319429833
Ti           1.19509646533227       -3.18707153252220        2.03841217996830
Ti          -1.54041329820611        1.47368493954836        4.63208383057518
Ti           3.34429903353033       -0.76119155311976        5.04783645481789
Ti           1.15782427472941        0.73879645699364        6.16294510945845
Ti          -2.50439658180305       -1.77497480095947        2.75816135566777
Ti          -0.44097551608112        0.36364552741809        1.83183551525721
Ti           0.99072013561697       -1.01953469350956       -0.25523932193824
Ti           0.63750922417739        2.97544543038872        3.19481740808275
Ti           3.24785232345959       -0.41160391170118        2.07880259110844
Ti           2.04893894865777        1.99708782595391        0.63378692682182
C           -1.51828024901515        3.57428564554300        4.36481436267942
C            4.57413525574974       -1.78513572865876        2.81820412746625
C            3.14226974816469        1.95962207630828        3.76554476977250
C           -0.70818303318161        4.35156100219246        3.83939083028040
C            4.69898951030437       -1.99523813756791        4.03619453267902
C            2.52587342769599        3.07369682469867        3.71423892645800
C            3.75850978504024        0.76522147703688        3.74391746234786
O           -2.89694465338143        1.12989973376419        5.60546475446299
O           -3.66109333109368       -1.77974553604830        4.01020454551651
O            0.09441666808455       -3.24895493610125        3.47187858929500
O           -0.99195218295754       -0.80341149931868        4.97563684860173
O            1.86844103269288       -1.60313755169210        4.41486915571176
O            0.17728809288678        1.60602758396737        5.04665358869135
O            2.61521731055162       -0.12065134795558        6.52432250904754
O           -1.07396667886658       -1.30372107424452        1.88423069673207
O           -0.14910983045072        0.32974696915152        0.10309879601054
O            1.93453865643492       -2.11583130680977        0.83364296528596
O           -1.56966453535881        1.13010034833735        2.90269726998156
O            1.04537577039892        0.13004975513582        2.64043568714949
O            0.58641473062447        2.58342351686844        1.49166979049801
O            3.24165716189639        0.70183155999843        0.71565957200858
33
 energy: -92.062766771206 gnorm: 0.033181394873 xtb: 6.7.1pre (5071a88)
Ti          -3.65282243721094       -0.37279988361372        5.09389356175257
Ti           0.16125404319616       -1.61834703071205        4.17875693432066
Ti           1.22933570711543       -3.15945864219530        2.06079673377047
Ti          -1.57347408453746        1.47123055641989        4.61406817182138
Ti           3.35170632152829       -0.79369898844857        5.03278292348654
Ti           1.20680597090835        0.79046261385495        6.14171135116027
Ti          -2.56668812279238       -1.77343757489626        2.71687794891764
Ti          -0.47914993943612        0.36199302453632        1.82999192836552
Ti           1.01624704426513       -1.00403724067600       -0.24332714108689
Ti           0.64089180810721        2.96896254496019        3.21938440974615
Ti           3.33589205577054       -0.42566578283178        2.02445554243965
Ti           2.05072903229476        1.97608354943093        0.65054202161284
C           -1.53690996623917        3.56639358851595        4.35510756270880
C            4.61805598788371       -1.82466343264870        2.82313513295988
C            3.13840904684232        1.91206225223259        3.79838929065979
C           -0.70961246864088        4.33720248744992        3.84862783114852
C            4.72743780009882       -1.99686062455351        4.03983750672742
C            2.52980919283868        3.04112314647694        3.75473422212593
C            3.76219740081845        0.72449618887898        3.72631856223272
O           -2.92669586209395        1.13471766038405        5.60841302967481
O           -3.65865173058942       -1.79593865840523        4.03311062113959
O            0.09884151953340       -3.20445915893565        3.46697674662374
O           -0.99331255683140       -0.77779659995471        5.00577874787463
O            1.86952137021074       -1.60175398089248        4.42207350933105
O            0.14878667998051        1.61777707316268        5.04765246537632
O            2.66149788902817       -0.07897578210802        6.50369431981081
O           -1.13694026888603       -1.30607013953720        1.84227916850189
O           -0.14665162325555        0.31304546499848        0.10187425108894
O            1.96384105202213       -2.09167961214252        0.85263312816361
O           -1.62150667588470        1.11738472060053        2.88341328980405
O            0.98171423826882        0.15078225924574        2.67891280492967
O            0.58964882832750        2.57769036161195        1.50744304885044
O            3.26259374735897        0.69185963979152        0.67893037396118
33
 energy: -92.064931883245 gnorm: 0.028287371475 xtb: 6.7.1pre (5071a88)
Ti          -3.64769557288458       -0.38449729070298        5.10217274720171
Ti           0.15464304375191       -1.57157650782258        4.14245130930898
Ti           1.22141523608661       -3.14576950351449        2.05714097043361
Ti          -1.59093752699198        1.47346329152089        4.61036111790347
Ti           3.34269166983536       -0.79996728212546        5.01291047672011
Ti           1.21963483359137        0.80020206676596        6.13911512260713
Ti          -2.52823784338558       -1.81111549204896        2.74576999702455
Ti          -0.49551962951745        0.37258774306304        1.82376339798938
Ti           0.99021675651437       -1.00640324588690       -0.22980645351064
Ti           0.63640886953544        2.94455528050595        3.24421030333653
Ti           3.39221698934089       -0.44695916377257        2.00873615814212
Ti           2.05884480526059        1.97331104230983        0.68778905927574
C           -1.55861615552835        3.56764406587401        4.34008496575812
C            4.65960837507897       -1.84878613822893        2.82942701394452
C            3.14831136603804        1.89671791384021        3.73448967695335
C           -0.70890051434313        4.32764924083442        3.85168264889324
C            4.72851546532577       -2.01497843240743        4.05308657981791
C            2.52295108250568        3.01603692358411        3.79913566070662
C            3.77626410229893        0.71455491366094        3.70235399658223
O           -2.94976186326061        1.14224095388192        5.60360002235095
O           -3.65058910134501       -1.80054142417261        4.03627074214363
O            0.09529675285126       -3.17843329986386        3.45936949346587
O           -1.01302589554610       -0.76408235116730        4.98905864142904
O            1.86019799945875       -1.59365129644425        4.41764452271001
O            0.12585229033959        1.63306608878694        5.07685354955090
O            2.68800797312171       -0.05260637752955        6.48731314664107
O           -1.12940045163387       -1.30503565648763        1.83919189298205
O           -0.14987937469389        0.32077212219730        0.09540212225006
O            1.96744880926859       -2.06664514921307        0.86816382037801
O           -1.64055501902985        1.11676565362122        2.87735468215248
O            0.95186378636242        0.15054383446848        2.68425325736939
O            0.58911227341337        2.57788862562591        1.52314176950672
O            3.27641746818084        0.69067285084740        0.68677758798174
33
 energy: -92.066020594470 gnorm: 0.018913579032 xtb: 6.7.1pre (5071a88)
Ti          -3.66517709496591       -0.39024268168013        5.09130587985755
Ti           0.17543069216132       -1.54239924008876        4.13029182242968
Ti           1.20089209551812       -3.14281797873052        2.04872433022940
Ti          -1.60269851772590        1.47391868680159        4.61163161218915
Ti           3.35211432704807       -0.78867276887201        4.99983257722356
Ti           1.22097851968570        0.79990191426743        6.13986143064574
Ti          -2.54218557812471       -1.79848099995595        2.74234988652890
Ti          -0.50279898880588        0.37703965303120        1.81763340123871
Ti           0.98027025961716       -1.00214185976002       -0.21476180359226
Ti           0.64022801706680        2.92460780010497        3.25895880265004
Ti           3.41449519911506       -0.47153787865123        2.00949102313176
Ti           2.04781126223200        1.96126928388588        0.71145640954225
C           -1.57420274824087        3.57104961474778        4.32174849739838
C            4.69412548530156       -1.85877202026926        2.82953877212048
C            3.15245598161589        1.89942219925596        3.74217377231784
C           -0.70707266602850        4.32079701336862        3.84575791724765
C            4.72217463591772       -2.04083867262958        4.06004825569694
C            2.53492994451275        3.01194522460443        3.78413205933502
C            3.78829248000910        0.72039712551470        3.67377408216026
O           -2.96884817962521        1.13949448524723        5.59352429272151
O           -3.63899926954434       -1.82358039273464        4.05357483969163
O            0.09728261879108       -3.15742424528077        3.46065395711898
O           -0.99786363990707       -0.74976224296135        4.97440489262793
O            1.88193484048850       -1.58309798134205        4.41124806088573
O            0.10606315882017        1.64528558239937        5.10875190929165
O            2.70387700582375       -0.03639565263718        6.46973535696415
O           -1.14404825949430       -1.29576323794159        1.82972529894815
O           -0.13856726050833        0.33807200003078        0.09141655860409
O            1.97205771046512       -2.05643302000959        0.88022287874484
O           -1.64228579612798        1.12172309114975        2.87574549338644
O            0.92688978657893        0.10702813745587        2.69555487606752
O            0.57743846166453        2.56211312241839        1.53780274076310
O            3.27780651666576        0.69191993926059        0.71296011583384
33
 energy: -92.066702123082 gnorm: 0.017354144737 xtb: 6.7.1pre (5071a88)
Ti          -3.65855204645472       -0.40838294081620        5.10225344473901
Ti           0.18656627696581       -1.52466558581738        4.12790392836635
Ti           1.18385384094377       -3.14452348703699        2.04094780528565
Ti          -1.61346060985181        1.47569824919732        4.60869666946358
Ti           3.35373924309493       -0.79563449290385        5.01167617099430
Ti           1.22424321228101        0.82136223217278        6.14361233721546
Ti          -2.53038560335629       -1.81088675215677        2.75909960549379
Ti          -0.51634160796240        0.38507265276393        1.80832136567360
Ti           0.98877852301963       -0.99983031320692       -0.21534979011632
Ti           0.65122642664529        2.93391412843787        3.27670668259008
Ti           3.43343417877300       -0.48793805380111        1.97988690531057
Ti           2.04896797054794        1.97055397756025        0.72130354774617
C           -1.58759919740369        3.57557763718927        4.30975391391988
C            4.71287066870789       -1.86174625024332        2.82679271932248
C            3.15398932052945        1.87785155546761        3.74188543008355
C           -0.71483949262441        4.32240543820662        3.84204215206698
C            4.72922238814821       -2.03902042707196        4.05929831596466
C            2.54959231362674        2.99435571423473        3.79285757322145
C            3.78308249029892        0.69374830453353        3.65085440486090
O           -2.98158554695969        1.13994063288873        5.58497557671584
O           -3.63464842027608       -1.83575197092177        4.06249232371734
O            0.08651279975840       -3.13701210003688        3.45132029369969
O           -0.99975671780541       -0.73970700791671        4.95002881221052
O            1.89407582177206       -1.59183334792204        4.43096218495032
O            0.09019499564763        1.65855495899203        5.12655741989101
O            2.70699356785210       -0.01947036578293        6.46519124316745
O           -1.15000072131330       -1.28824045229388        1.82572717931929
O           -0.13954619082620        0.33055914286648        0.08261260896282
O            1.97962259779043       -2.06114374092519        0.88002034558887
O           -1.65294513609333        1.12594868093063        2.87118398546676
O            0.90378796476377        0.10851416584564        2.70744078449777
O            0.58131317389221        2.55371230578390        1.55911263042877
O            3.28039451586820        0.70564151178250        0.71310142918206
33
 energy: -92.067473418733 gnorm: 0.013100028579 xtb: 6.7.1pre (5071a88)
Ti          -3.65613800837049       -0.42504695956260        5.10680575498532
Ti           0.20627191825007       -1.48321629032751        4.12026990009868
Ti           1.17223825293613       -3.13611605917266        2.04891398053112
Ti          -1.62534573817705        1.47972964358224        4.60144828581541
Ti           3.36577770060261       -0.80477732310223        5.01047497553789
Ti           1.23354250394744        0.83709759852231        6.13309823129548
Ti          -2.55428168341723       -1.79824595757993        2.74311401949930
Ti          -0.52966051781792        0.39010693585534        1.80225694663653
Ti           1.00872498022618       -0.99626623142485       -0.21286433085012
Ti           0.64613536096145        2.93116865368446        3.29683822033221
Ti           3.45358046043491       -0.50649166915213        1.97382006540138
Ti           2.04915469161151        1.96421926953031        0.73502886464943
C           -1.60643804843698        3.58196494167418        4.30038475149493
C            4.72578316196517       -1.88454663077215        2.82433615706733
C            3.15600002763277        1.85842216072785        3.70953631898631
C           -0.72555433694917        4.32181948343901        3.84029251587391
C            4.75736282396687       -2.03567929857954        4.05496917203468
C            2.54080748083095        2.97125471823566        3.83051990995876
C            3.78888291156876        0.67665381288414        3.63269367837420
O           -2.99322618145804        1.13854230271831        5.57289251811479
O           -3.61953048223688       -1.85957309145369        4.08177827124093
O            0.07521192734128       -3.09863598555335        3.45083738352686
O           -0.98992144839839       -0.72443687790779        4.94654548705329
O            1.91494779679510       -1.59673284968386        4.44053677981008
O            0.07260698657422        1.67055436851042        5.14323423453819
O            2.72342914103976        0.00379183210004        6.44339677134562
O           -1.18068993667159       -1.27474793116505        1.79816318768830
O           -0.12625402350609        0.32551880176978        0.07852764755884
O            1.99648238851103       -2.06736199599009        0.88446345914083
O           -1.66524268985685        1.13281514228632        2.86347686365971
O            0.87185677854110        0.09745318932145        2.74335478286182
O            0.58551052614737        2.54173261180267        1.57980024696815
O            3.27077627541209        0.69665368478284        0.72032494877050
33
 energy: -92.068743845528 gnorm: 0.017528684764 xtb: 6.7.1pre (5071a88)
Ti          -3.64586113860499       -0.44701798650832        5.11334253640251
Ti           0.22003733904182       -1.42471460187974        4.09915657148857
Ti           1.15006738302727       -3.12679223682093        2.05584222206997
Ti          -1.63715474470328        1.48303872312857        4.59524435863574
Ti           3.37360196914604       -0.81998194259847        5.00597565179255
Ti           1.25201574511237        0.87197777274202        6.12316774475952
Ti          -2.55941741513240       -1.80238854670247        2.73156924398620
Ti          -0.54183698081393        0.38964006140159        1.79451971273245
Ti           1.00568384639226       -1.00494241338113       -0.21449621382475
Ti           0.64210450148081        2.94006596434541        3.31566872956687
Ti           3.49003560684661       -0.52557677134829        1.96231281683747
Ti           2.05489483751439        1.96201557274545        0.74903129061042
C           -1.62607638364438        3.58746903256167        4.29328208755072
C            4.75885162503942       -1.90027148687969        2.82236347658714
C            3.14946889899766        1.84224188919212        3.71086160783782
C           -0.73652548582167        4.32452806146600        3.84632543766665
C            4.77744747147087       -2.04324904950939        4.05197676808763
C            2.53570013292955        2.95333295586711        3.85582412610486
C            3.78445720829151        0.66258280911498        3.61948057251485
O           -3.00425273647289        1.13655997334642        5.55927425564337
O           -3.59463189121246       -1.88502914444948        4.09853808643949
O            0.05469272770021       -3.04717326191835        3.44766091157114
O           -0.99045952331940       -0.71637688326352        4.94933516389212
O            1.92999897033791       -1.60561593067669        4.44693859682116
O            0.05306444858326        1.69200991430752        5.16573289085381
O            2.74253208626861        0.03172097400168        6.41372834349829
O           -1.20804154214542       -1.26390714730165        1.75776990117417
O           -0.10975005401889        0.32766857251490        0.07373141615402
O            2.00477601339127       -2.07091045420983        0.88852217046632
O           -1.67313678229935        1.13632916869472        2.85766379202162
O            0.83614834232312        0.05317043691419        2.78362219147091
O            0.59297832303565        2.52846354356395        1.60195510805341
O            3.26138820125856        0.68875643153952        0.72334843053370
33
 energy: -92.070889956113 gnorm: 0.022228559740 xtb: 6.7.1pre (5071a88)
Ti          -3.63757089942737       -0.46798088628089        5.12158468474474
Ti           0.25235500014345       -1.33804836927617        4.05880168843910
Ti           1.12953833451564       -3.12118998756918        2.05198807469190
Ti          -1.65415639345527        1.48983801168321        4.58960227308231
Ti           3.38830402674218       -0.82859092392671        5.01899967903612
Ti           1.26051288596222        0.88598883059538        6.11497608552608
Ti          -2.57069482325031       -1.81138328329675        2.72273667187524
Ti          -0.56322469128839        0.38736239066367        1.78587379558548
Ti           1.00965295016772       -1.00602173340269       -0.21763112816974
Ti           0.64069712620324        2.94119667922243        3.34348107647881
Ti           3.52308861295395       -0.55385692251867        1.93986970578694
Ti           2.05356312652923        1.95105183464279        0.76835319472674
C           -1.64618291615964        3.59652111346423        4.28271675224693
C            4.79842056377434       -1.90799621792044        2.82592646106403
C            3.14701642380228        1.81671819135469        3.69647907866007
C           -0.74484867076424        4.32727283038271        3.84857257015769
C            4.79713504544304       -2.04172728064216        4.05772048272376
C            2.53687941268621        2.92702113416577        3.87749461988069
C            3.77880918421630        0.63718482101781        3.59719696391138
O           -3.02168241735239        1.13885341932254        5.54498825327196
O           -3.57984374753985       -1.90559604974205        4.11297226061517
O            0.04163468455600       -2.97512435197441        3.43795923796147
O           -0.97285840001216       -0.68883656383719        4.94000055934911
O            1.95882226929225       -1.61922408985899        4.47473060939171
O            0.02908103057762        1.70089093559607        5.19160904243074
O            2.76596400668795        0.06880961044040        6.39770144038269
O           -1.24658778679282       -1.25267018735451        1.71497361723661
O           -0.09337881129908        0.33171694597882        0.06977942460329
O            2.01615684021082       -2.07624796949395        0.88502661936444
O           -1.68595791246002        1.14200629286509        2.85152459523410
O            0.78232229889987       -0.00310475033409        2.83299520761441
O            0.59509037803122        2.50176237211017        1.63489264362321
O            3.25474426840612        0.68102815392296        0.72537375847354
33
 energy: -92.062109093447 gnorm: 0.097583776234 xtb: 6.7.1pre (5071a88)
Ti          -3.61328493718835       -0.48652909671184        5.12697512870695
Ti           0.29314280596866       -1.21902734195236        3.99321998413591
Ti           1.10463646252874       -3.12005730529713        2.04188073991655
Ti          -1.65716068982397        1.49223430065060        4.59284850924505
Ti           3.40264681972681       -0.82929841031375        5.04240360816340
Ti           1.27253564792807        0.90856867034312        6.12355965303437
Ti          -2.56811854796430       -1.83076704235010        2.71170590510707
Ti          -0.58607641910142        0.37518867318055        1.77148856895655
Ti           1.00067308151572       -1.01087628159627       -0.23250062461663
Ti           0.63345629363777        2.94460993244134        3.36792745833630
Ti           3.53565253471901       -0.58556635178888        1.94034941331538
Ti           2.05485114674502        1.92136163659596        0.78729571758710
C           -1.65266786016476        3.60209864824977        4.28486301536730
C            4.83616033430617       -1.90295877739267        2.83748932383480
C            3.13549251387954        1.80525545287556        3.69456576854834
C           -0.75294617805472        4.33362280169754        3.85315621315488
C            4.82123258131112       -2.02483290851529        4.07218202171642
C            2.53425194035951        2.91289432236943        3.86957709485329
C            3.75804078424879        0.62599968660201        3.59052597223625
O           -3.02495258147098        1.14150015496559        5.53224867852475
O           -3.55976522741116       -1.91593217801574        4.11457438570737
O            0.02106002092035       -2.87172101227341        3.41483037122800
O           -0.95455408028908       -0.67209339848247        4.93435815029346
O            1.98927924669546       -1.62286601732823        4.48381847069158
O            0.01931346954727        1.69911014600829        5.21808450366527
O            2.78168889587637        0.09504412144930        6.38939098696958
O           -1.29153180145296       -1.23613288462285        1.64879441409190
O           -0.08329871507902        0.34509472529392        0.06548460778305
O            2.01694588599235       -2.08025532973663        0.87176307485846
O           -1.68186334054087        1.14882717695452        2.85283005526101
O            0.71725801571737       -0.11243941933262        2.89194451014295
O            0.59699053035838        2.44284445371584        1.67600289998201
O            3.24371236655925        0.65472285231680        0.73563141920212
33
 energy: -92.072287274303 gnorm: 0.018864819225 xtb: 6.7.1pre (5071a88)
Ti          -3.61272405243576       -0.48134757082100        5.12277897691557
Ti           0.26971154148339       -1.28905666622761        4.05629072495241
Ti           1.10569565125274       -3.11183122161193        2.04475996775766
Ti          -1.65029864916601        1.48952474881489        4.59320153190313
Ti           3.39743746155265       -0.82304868665393        5.03036926577646
Ti           1.26410323502570        0.89081593461969        6.12276246686817
Ti          -2.55180702509449       -1.82801530555499        2.71465845523846
Ti          -0.57482163417855        0.38091862497411        1.76613577827125
Ti           0.99444867766182       -1.00511055507328       -0.22902001266163
Ti           0.63020625395279        2.93427534535841        3.35888884979925
Ti           3.51035224989517       -0.58033868549734        1.95447722468745
Ti           2.05129813666077        1.91536810615276        0.78501068772120
C           -1.64569093921405        3.59784825224375        4.28893680359065
C            4.82490986084959       -1.89527887162687        2.83728031663850
C            3.13531666157638        1.81478511557588        3.71009951535631
C           -0.74674147563630        4.33207341019313        3.85435210407316
C            4.81578530507964       -2.02563511350195        4.07260482823854
C            2.53075462158787        2.92266195824144        3.86045089082674
C            3.76186439530518        0.63690994850577        3.59804066570598
O           -3.02014821257196        1.14024768783954        5.53448628599049
O           -3.55726993454526       -1.91161818135973        4.10591484857041
O            0.01252511891084       -2.91037056198491        3.41804620062766
O           -0.96427646653992       -0.67734705089454        4.95166208053791
O            1.97014106153204       -1.61956059447213        4.47433603399872
O            0.02921233336518        1.69357122344507        5.20445905944490
O            2.77871042900636        0.08832397706846        6.39455311844622
O           -1.26083591078780       -1.24100498927794        1.67120740896823
O           -0.09820238031345        0.35157772133040        0.05903236169823
O            2.00484967121240       -2.07340833883247        0.87278488060446
O           -1.67321412588199        1.14607740563384        2.85310850145110
O            0.77042858323036       -0.03730402492129        2.81792551727642
O            0.59299381541413        2.45310952974577        1.66431545728303
O            3.24808674181066        0.64981142856892        0.73535920344373
33
 energy: -92.072806061092 gnorm: 0.010998418318 xtb: 6.7.1pre (5071a88)
Ti          -3.62316829076470       -0.47116649047787        5.10662681637865
Ti           0.26509950086050       -1.30331642474690        4.04714691414771
Ti           1.09523361136110       -3.12388913287353        2.04153157923438
Ti          -1.64458289907125        1.48109401429855        4.60397865429057
Ti           3.38923784212900       -0.81462167677315        5.03048440753988
Ti           1.26737282061428        0.90595545130855        6.13441703887494
Ti          -2.54447925136930       -1.81993922166704        2.70901678808381
Ti          -0.56325825955024        0.37519331559671        1.77431392482852
Ti           0.98193656694124       -1.01533586822007       -0.23812300469591
Ti           0.63393097178721        2.94791937966770        3.33812219471660
Ti           3.48234866801250       -0.57143257925229        1.96353008665068
Ti           2.06926393892675        1.92696468983390        0.76923135175440
C           -1.62893863397615        3.58825937392976        4.29775029345218
C            4.80365875584239       -1.88271974933444        2.84102138257841
C            3.13420295356994        1.82626296201298        3.71148752431118
C           -0.74334726262198        4.33334136360307        3.85564442371039
C            4.81010190859629       -2.01232388292604        4.07492607613758
C            2.52522900404539        2.93703593323237        3.86916999658125
C            3.75557006921016        0.64572392046747        3.60682502006272
O           -3.01373560973100        1.13127665535651        5.54394329406454
O           -3.53889730990886       -1.91807788684568        4.10896202408550
O            0.01828387334859       -2.93012738212102        3.42652031926801
O           -0.96985038466917       -0.70213607205092        4.95307156848840
O            1.96054429810857       -1.61575842449764        4.45468480460368
O            0.03942593626461        1.69108621644854        5.19642448383316
O            2.76528463246926        0.07486493962721        6.40218078407735
O           -1.24510463836718       -1.24184179129932        1.68007166780263
O           -0.10389514282386        0.35045913149411        0.06721465516746
O            1.98481737703765       -2.08298360557119        0.86637182059863
O           -1.66252384476909        1.13732599839817        2.86479072183714
O            0.78427650494636       -0.04362780042147        2.82652934477378
O            0.60955965668794        2.47868502278321        1.64310056935142
O            3.24920363686320        0.64547362101966        0.72830247341112
33
 energy: -92.073121742183 gnorm: 0.008785659403 xtb: 6.7.1pre (5071a88)
Ti          -3.60487292867204       -0.48204530774377        5.11148592381331
Ti           0.27920869194920       -1.29488023803286        4.04816250714011
Ti           1.08079454554894       -3.12603181800141        2.04062518679666
Ti          -1.63814151194723        1.48008844254103        4.60617819289131
Ti           3.39521010923145       -0.80601860947876        5.03318037884945
Ti           1.26362217490537        0.88400034314933        6.13210710784973
Ti          -2.53217391335395       -1.82907986299948        2.70504239438826
Ti          -0.56402095699306        0.37554583558444        1.76819258353223
Ti           0.97187585905671       -1.01563091207403       -0.24716959248051
Ti           0.62656361450514        2.94474786333410        3.32792954465079
Ti           3.46225505873897       -0.57490552523321        1.98276377178836
Ti           2.07316599936974        1.91518353340917        0.76509771369326
C           -1.61850600555365        3.58698375313246        4.30379563084916
C            4.79182223730095       -1.88299971163413        2.84905132186518
C            3.12495362555404        1.83968584014441        3.72720649562980
C           -0.73989274010188        4.33664199523951        3.85422747665398
C            4.81378062699671       -2.00620225486968        4.08324159344346
C            2.51555342554356        2.95074628800340        3.86052415925517
C            3.74545454118182        0.65933742705016        3.61482738626125
O           -3.00877643397333        1.12895901602499        5.54186422978503
O           -3.54308504200584       -1.90849829813743        4.08748884688430
O            0.01467177224375       -2.92116588005982        3.43043533264921
O           -0.95676799951570       -0.70162522130533        4.95656094224802
O            1.96813223472152       -1.62426730161874        4.45983864075981
O            0.04840406907382        1.67681925157201        5.19121313270725
O            2.77263884963712        0.07646404107122        6.40694206895172
O           -1.24144265772023       -1.23578948880222        1.67309949934819
O           -0.10891654569827        0.36032268871463        0.06425789018932
O            1.96505820264480       -2.08297084728809        0.86239176413467
O           -1.65492704444102        1.14046486497486        2.86593290340492
O            0.78232821049199       -0.04193121067208        2.82732908485067
O            0.61308571711460        2.47860276227781        1.63479897365526
O            3.24574521416613        0.62707254172740        0.73064691356144
33
 energy: -92.073363151007 gnorm: 0.006273070957 xtb: 6.7.1pre (5071a88)
Ti          -3.59275915090681       -0.49957710245794        5.11364187080614
Ti           0.28816847509443       -1.27782242942223        4.05175570150692
Ti           1.06221863321049       -3.11871425411458        2.04064893373498
Ti          -1.63765124674949        1.47938333563599        4.60520596133995
Ti           3.39674695348200       -0.80990358141478        5.03240803195701
Ti           1.27746550373068        0.90067639317011        6.13895724484713
Ti          -2.53185317422090       -1.83078536039416        2.69622495045250
Ti          -0.56901066480709        0.37972958110901        1.75905058607443
Ti           0.97013942094450       -1.00961042371033       -0.25162419919140
Ti           0.61939543368009        2.93933542003091        3.33097957782153
Ti           3.47232092069107       -0.59155459642514        1.98175945851045
Ti           2.07148235895496        1.90264916090694        0.77249081862299
C           -1.62287497878096        3.58641707039608        4.30233739058513
C            4.80067272976122       -1.89646343869988        2.85763748498785
C            3.11743771659645        1.83346407346628        3.72819943478647
C           -0.74474895699896        4.33696279961217        3.85106187534304
C            4.82962195492935       -2.00300984103201        4.09359166764377
C            2.50859601217063        2.94713030373000        3.86898010001810
C            3.73685658880038        0.65224704386593        3.60784579591114
O           -3.01255384367764        1.12289569591129        5.53580628105796
O           -3.52409801660065       -1.92771550958527        4.09424265833414
O            0.00207020749629       -2.90274667945849        3.42798595145943
O           -0.95765759456275       -0.69819654742836        4.95475789931539
O            1.97224396421138       -1.62500909290055        4.45845782113066
O            0.04731325488571        1.68468228095786        5.20300322015026
O            2.78546660535201        0.08601953305116        6.40542334393807
O           -1.24796603086894       -1.22816113281173        1.65942613095587
O           -0.10732236449626        0.36995934819935        0.05738875570103
O            1.95414427049159       -2.07843024681047        0.86238290753346
O           -1.65290685265723        1.14547653921859        2.86223441654497
O            0.77406329043437       -0.03123541273188        2.82950274559872
O            0.61307282575748        2.47680797992131        1.63786688944352
O            3.24470675465272        0.61272309021468        0.72963829307918
33
 energy: -92.073494027854 gnorm: 0.004414118920 xtb: 6.7.1pre (5071a88)
Ti          -3.58968379011378       -0.50923919620716        5.10868615307957
Ti           0.29818985843445       -1.26242935046994        4.05951133181555
Ti           1.04445642932971       -3.11430882221544        2.03969209637498
Ti          -1.63565908495375        1.47767511751575        4.60849956895063
Ti           3.39840601855161       -0.80998508175719        5.04578239476034
Ti           1.27603975097426        0.89766212955885        6.14771688898062
Ti          -2.53081379074870       -1.83426564942136        2.69108195820861
Ti          -0.56913793270145        0.37750168663690        1.75440146825577
Ti           0.96627058347334       -1.00827235894089       -0.25944065086503
Ti           0.61800503980373        2.93896790744820        3.32851043487951
Ti           3.46583262218084       -0.59748405400755        1.97850772606438
Ti           2.07611274762714        1.90358256439424        0.77133460132498
C           -1.61790343558199        3.58466119039524        4.30701407245095
C            4.80280433395744       -1.88762551203328        2.86777712342832
C            3.11483495724429        1.82729046168374        3.72162827675347
C           -0.74755703920244        4.33821725618061        3.84606785881264
C            4.83694599312320       -1.99250662874524        4.10382061287335
C            2.51080235589568        2.94389183438122        3.86107568554386
C            3.72599619328311        0.64257599522985        3.60842402472603
O           -3.01360327945134        1.11410613851849        5.53334725773155
O           -3.50860709678848       -1.94461387316187        4.09947323141912
O           -0.00873220402619       -2.88372786034015        3.42730696294269
O           -0.95238355156595       -0.69257417509482        4.95885231752439
O            1.97676507975582       -1.61882433155285        4.45220802030326
O            0.04975604385253        1.68168795324072        5.20875473611279
O            2.78484295477003        0.08433947781816        6.41691194556385
O           -1.25275052585785       -1.22437640398463        1.65089206326082
O           -0.11111375091037        0.37471444351112        0.05460222780514
O            1.93967928354527       -2.08005053770203        0.85631470534533
O           -1.64456194977283        1.14909184824926        2.86325598131583
O            0.77552279926466       -0.03492163090176        2.82631957166679
O            0.61761438349984        2.47826980965232        1.63724356453300
O            3.24643100310830        0.60859365212134        0.72369578805770
33
 energy: -92.073543777924 gnorm: 0.003135293965 xtb: 6.7.1pre (5071a88)
Ti          -3.58952359198784       -0.51462860794993        5.10934139951860
Ti           0.30246529673516       -1.25755944039975        4.05964464204889
Ti           1.03792801201078       -3.11260281291296        2.03846037193445
Ti          -1.63624374793398        1.47402330074928        4.61217150804197
Ti           3.39846235254926       -0.81000017457277        5.04320256797258
Ti           1.28051432297387        0.90518997967718        6.15047764861275
Ti          -2.53228368298410       -1.83768386469936        2.69019221117772
Ti          -0.57121543306713        0.37708362404463        1.75427942791473
Ti           0.96504358476819       -1.00804611132935       -0.26150595216127
Ti           0.61893841689126        2.94285122291399        3.32249449667225
Ti           3.46151609369616       -0.59750157243409        1.98435412849448
Ti           2.08431248943672        1.90644069796571        0.76804325547536
C           -1.61593170569240        3.58075420516955        4.30931898347179
C            4.80001986142013       -1.88719617542909        2.87231921109698
C            3.11499258280344        1.82915939196139        3.72171869476471
C           -0.75096201942341        4.33703882322151        3.84295437312775
C            4.83954112159768       -1.99264931211041        4.10737808283671
C            2.51225954048012        2.94607764264362        3.85735463159744
C            3.72531051986056        0.64395846506110        3.61025994364557
O           -3.01584836050446        1.10893494855494        5.53480207867888
O           -3.50577171908207       -1.95018324510973        4.10045714636202
O           -0.00968891556586       -2.87957860443811        3.42757258693124
O           -0.95147089111714       -0.69519785883501        4.95921010235431
O            1.97712972045932       -1.62672707133791        4.45658780963226
O            0.05067053301935        1.68393521853267        5.20946640889959
O            2.78527185627227        0.08174771513967        6.41625578295749
O           -1.25962158000308       -1.22153332558046        1.64594019116963
O           -0.11448715789356        0.37530913341312        0.05515084519542
O            1.93455518065220       -2.08119971011037        0.85274019370476
O           -1.64387838369911        1.14998892786086        2.86558558194835
O            0.77483021713365       -0.03280887299526        2.82602877941603
O            0.62511708653711        2.48365690933193        1.63197893924484
O            3.25084939965702        0.60657055400324        0.72503392726250
