AutoDock Vina v1.2.7
#################################################################
# If you used AutoDock Vina in your work, please cite:          #
#                                                               #
# J. Eberhardt, D. Santos-Martins, A. F. Tillack, and S. Forli  #
# AutoDock Vina 1.2.0: New Docking Methods, Expanded Force      #
# Field, and Python Bindings, J. Chem. Inf. Model. (2021)       #
# DOI 10.1021/acs.jcim.1c00203                                  #
#                                                               #
# O. Trott, A. J. Olson,                                        #
# AutoDock Vina: improving the speed and accuracy of docking    #
# with a new scoring function, efficient optimization and       #
# multithreading, J. Comp. Chem. (2010)                         #
# DOI 10.1002/jcc.21334                                         #
#                                                               #
# Please see https://github.com/ccsb-scripps/AutoDock-Vina for  #
# more information.                                             #
#################################################################

Scoring function : vina
Rigid receptor: C:\Users\Andre\Proyectos doctorado\nano-qsar-ai-papers\mxene-glioblastoma-qsar-ai\data\raw\1M17_A_receptor.pdbqt
Ligand: C:\Users\Andre\Proyectos doctorado\nano-qsar-ai-papers\mxene-glioblastoma-qsar-ai\data\raw\ligands_pdbqt\Bortezomib_c0.pdbqt
Grid center: X 22.014 Y 0.253 Z 52.794
Grid size  : X 22 Y 22 Z 22
Grid space : 0.375
Exhaustiveness: 16
CPU: 4
Verbosity: 1



PDBQT parsing error: Atom type B is not a valid AutoDock type (atom types are case-sensitive).
 > ATOM     10  B   UNL     1      -3.678   0.402  -1.587  1.00  0.00    +0.475 B 
