AutoDock Vina v1.2.7
#################################################################
# If you used AutoDock Vina in your work, please cite:          #
#                                                               #
# J. Eberhardt, D. Santos-Martins, A. F. Tillack, and S. Forli  #
# AutoDock Vina 1.2.0: New Docking Methods, Expanded Force      #
# Field, and Python Bindings, J. Chem. Inf. Model. (2021)       #
# DOI 10.1021/acs.jcim.1c00203                                  #
#                                                               #
# O. Trott, A. J. Olson,                                        #
# AutoDock Vina: improving the speed and accuracy of docking    #
# with a new scoring function, efficient optimization and       #
# multithreading, J. Comp. Chem. (2010)                         #
# DOI 10.1002/jcc.21334                                         #
#                                                               #
# Please see https://github.com/ccsb-scripps/AutoDock-Vina for  #
# more information.                                             #
#################################################################

Scoring function : vina
Rigid receptor: C:\Users\Andre\Proyectos doctorado\nano-qsar-ai-papers\mxene-glioblastoma-qsar-ai\data\raw\1M17_A_receptor.pdbqt
Ligand: C:\Users\Andre\Proyectos doctorado\nano-qsar-ai-papers\mxene-glioblastoma-qsar-ai\data\raw\ligands_pdbqt\Buparlisib_c4.pdbqt
Grid center: X 22.014 Y 0.253 Z 52.794
Grid size  : X 22 Y 22 Z 22
Grid space : 0.375
Exhaustiveness: 16
CPU: 4
Verbosity: 1

Computing Vina grid ... done.
Performing docking (random seed: 42) ... 
0%   10   20   30   40   50   60   70   80   90   100%
|----|----|----|----|----|----|----|----|----|----|
***************************************************

mode |   affinity | dist from best mode
     | (kcal/mol) | rmsd l.b.| rmsd u.b.
-----+------------+----------+----------
   1       -8.337          0          0
   2       -8.206      1.508       1.82
   3       -7.908      2.817        6.4
   4       -7.875      3.072       6.23
   5       -7.682      2.861      6.033
   6        -7.66      3.237      7.033
   7       -7.632      3.146      7.229
   8       -7.631      3.307      6.092
   9       -7.541      3.108        6.4
