AutoDock Vina v1.2.7
#################################################################
# If you used AutoDock Vina in your work, please cite:          #
#                                                               #
# J. Eberhardt, D. Santos-Martins, A. F. Tillack, and S. Forli  #
# AutoDock Vina 1.2.0: New Docking Methods, Expanded Force      #
# Field, and Python Bindings, J. Chem. Inf. Model. (2021)       #
# DOI 10.1021/acs.jcim.1c00203                                  #
#                                                               #
# O. Trott, A. J. Olson,                                        #
# AutoDock Vina: improving the speed and accuracy of docking    #
# with a new scoring function, efficient optimization and       #
# multithreading, J. Comp. Chem. (2010)                         #
# DOI 10.1002/jcc.21334                                         #
#                                                               #
# Please see https://github.com/ccsb-scripps/AutoDock-Vina for  #
# more information.                                             #
#################################################################

Scoring function : vina
Rigid receptor: C:\Users\Andre\Proyectos doctorado\nano-qsar-ai-papers\mxene-glioblastoma-qsar-ai\data\raw\1M17_A_receptor.pdbqt
Ligand: C:\Users\Andre\Proyectos doctorado\nano-qsar-ai-papers\mxene-glioblastoma-qsar-ai\data\raw\ligands_pdbqt\Lomustine_c1.pdbqt
Grid center: X 22.014 Y 0.253 Z 52.794
Grid size  : X 22 Y 22 Z 22
Grid space : 0.375
Exhaustiveness: 16
CPU: 4
Verbosity: 1

Computing Vina grid ... done.
Performing docking (random seed: 42) ... 
0%   10   20   30   40   50   60   70   80   90   100%
|----|----|----|----|----|----|----|----|----|----|
***************************************************

mode |   affinity | dist from best mode
     | (kcal/mol) | rmsd l.b.| rmsd u.b.
-----+------------+----------+----------
   1       -6.255          0          0
   2       -5.729      1.884      2.055
   3       -5.521      1.787      2.546
   4       -5.482      1.465      2.229
   5       -5.345      2.827      3.372
   6       -5.231      3.113      4.336
   7       -5.123      3.852      6.228
   8       -5.003      2.407      3.121
   9       -4.893      3.402      4.846
