AutoDock Vina v1.2.7
#################################################################
# If you used AutoDock Vina in your work, please cite:          #
#                                                               #
# J. Eberhardt, D. Santos-Martins, A. F. Tillack, and S. Forli  #
# AutoDock Vina 1.2.0: New Docking Methods, Expanded Force      #
# Field, and Python Bindings, J. Chem. Inf. Model. (2021)       #
# DOI 10.1021/acs.jcim.1c00203                                  #
#                                                               #
# O. Trott, A. J. Olson,                                        #
# AutoDock Vina: improving the speed and accuracy of docking    #
# with a new scoring function, efficient optimization and       #
# multithreading, J. Comp. Chem. (2010)                         #
# DOI 10.1002/jcc.21334                                         #
#                                                               #
# Please see https://github.com/ccsb-scripps/AutoDock-Vina for  #
# more information.                                             #
#################################################################

Scoring function : vina
Rigid receptor: c:\Users\Andre\Proyectos doctorado\mxene-glioblastoma-qsar-ai\data\raw\2J6M_receptor.pdbqt
Ligand: c:\Users\Andre\Proyectos doctorado\mxene-glioblastoma-qsar-ai\calculations\gbm\Nimustine\Nimustine_ligand.pdbqt
Grid center: X -51.707 Y -0.285 Z -19.598
Grid size  : X 22 Y 22 Z 22
Grid space : 0.375
Exhaustiveness: 8
CPU: 0
Verbosity: 1

Computing Vina grid ... done.
WARNING: At low exhaustiveness, it may be impossible to utilize all CPUs.
Performing docking (random seed: -351529292) ... 
0%   10   20   30   40   50   60   70   80   90   100%
|----|----|----|----|----|----|----|----|----|----|
***************************************************

mode |   affinity | dist from best mode
     | (kcal/mol) | rmsd l.b.| rmsd u.b.
-----+------------+----------+----------
   1       -5.159          0          0
   2        -4.99      2.598      3.618
   3       -4.973      1.645      2.087
   4       -4.816      2.557      5.541
   5       -4.726      2.501      5.253
   6       -4.664      3.246      5.993
   7       -4.596      2.835      5.848
   8       -4.519      2.083      2.442
   9       -4.373      2.404      5.357
# Command: c:\Users\Andre\Proyectos doctorado\mxene-glioblastoma-qsar-ai\src\docking\vina.exe --receptor c:\Users\Andre\Proyectos doctorado\mxene-glioblastoma-qsar-ai\data\raw\2J6M_receptor.pdbqt --ligand c:\Users\Andre\Proyectos doctorado\mxene-glioblastoma-qsar-ai\calculations\gbm\Nimustine\Nimustine_ligand.pdbqt --center_x -51.707 --center_y -0.285 --center_z -19.598 --size_x 22.0 --size_y 22.0 --size_z 22.0 --num_modes 9 --exhaustiveness 8 --out c:\Users\Andre\Proyectos doctorado\mxene-glioblastoma-qsar-ai\calculations\gbm\Nimustine\Nimustine_2J6M_out.pdbqt
