AutoDock Vina v1.2.7
#################################################################
# If you used AutoDock Vina in your work, please cite:          #
#                                                               #
# J. Eberhardt, D. Santos-Martins, A. F. Tillack, and S. Forli  #
# AutoDock Vina 1.2.0: New Docking Methods, Expanded Force      #
# Field, and Python Bindings, J. Chem. Inf. Model. (2021)       #
# DOI 10.1021/acs.jcim.1c00203                                  #
#                                                               #
# O. Trott, A. J. Olson,                                        #
# AutoDock Vina: improving the speed and accuracy of docking    #
# with a new scoring function, efficient optimization and       #
# multithreading, J. Comp. Chem. (2010)                         #
# DOI 10.1002/jcc.21334                                         #
#                                                               #
# Please see https://github.com/ccsb-scripps/AutoDock-Vina for  #
# more information.                                             #
#################################################################

Scoring function : vina
Rigid receptor: c:\Users\Andre\Proyectos doctorado\mxene-glioblastoma-qsar-ai\data\raw\4ZAU_receptor.pdbqt
Ligand: c:\Users\Andre\Proyectos doctorado\mxene-glioblastoma-qsar-ai\calculations\gbm\Palbociclib\Palbociclib_ligand.pdbqt
Grid center: X -0.211 Y -50.287 Z 17.977
Grid size  : X 22 Y 22 Z 22
Grid space : 0.375
Exhaustiveness: 8
CPU: 0
Verbosity: 1

Computing Vina grid ... done.
WARNING: At low exhaustiveness, it may be impossible to utilize all CPUs.
Performing docking (random seed: 612460140) ... 
0%   10   20   30   40   50   60   70   80   90   100%
|----|----|----|----|----|----|----|----|----|----|
***************************************************

mode |   affinity | dist from best mode
     | (kcal/mol) | rmsd l.b.| rmsd u.b.
-----+------------+----------+----------
   1       -7.688          0          0
   2       -7.659      2.234      3.188
   3       -7.428       3.54      4.472
   4       -7.342      3.968      9.455
   5       -7.199      3.748      9.768
   6       -7.196      3.152      9.255
   7       -7.137      3.307      9.744
   8       -7.025       3.05      8.275
   9       -6.992       3.91      5.976
# Command: c:\Users\Andre\Proyectos doctorado\mxene-glioblastoma-qsar-ai\src\docking\vina.exe --receptor c:\Users\Andre\Proyectos doctorado\mxene-glioblastoma-qsar-ai\data\raw\4ZAU_receptor.pdbqt --ligand c:\Users\Andre\Proyectos doctorado\mxene-glioblastoma-qsar-ai\calculations\gbm\Palbociclib\Palbociclib_ligand.pdbqt --center_x -0.211 --center_y -50.287 --center_z 17.977 --size_x 22.0 --size_y 22.0 --size_z 22.0 --num_modes 9 --exhaustiveness 8 --out c:\Users\Andre\Proyectos doctorado\mxene-glioblastoma-qsar-ai\calculations\gbm\Palbociclib\Palbociclib_4ZAU_out.pdbqt
