33
 energy: -92.083081113604 gnorm: 0.058145836093 xtb: 6.7.1pre (5071a88)
Ti          -2.61772000000000       -2.77671000000000        3.46268900000000
Ti           0.23439900000000       -1.17484100000000        3.41259500000000
Ti           0.78265600000000       -1.12068500000000        0.65085800000000
Ti          -1.73006600000000        0.22220300000000        5.46858400000000
Ti           2.95088000000000       -0.58875300000000        4.69317400000000
Ti           0.76109700000000       -1.33696800000000        6.22817000000000
Ti          -3.76284600000000        0.64474000000000        2.41829700000000
Ti          -0.62141100000000        1.70653200000000        2.02384600000000
Ti           0.17439900000000        2.00343500000000       -0.79961800000000
Ti          -0.57486700000000        3.44604000000000        4.30272100000000
Ti           2.33587300000000        1.35139200000000        1.62056600000000
Ti           1.29629600000000        4.18693600000000        1.92255200000000
C           -1.99742800000000        2.17825600000000        6.07923400000000
C            4.09735000000000        1.02633300000000        2.59152800000000
C            1.31677500000000        1.72121400000000        5.58266700000000
C           -1.82325000000000        3.39317400000000        5.91287300000000
C            4.38569800000000        0.44336000000000        3.64432900000000
C            1.03384700000000        2.94758400000000        5.36331800000000
C            1.71093000000000        0.49536100000000        5.89754700000000
O           -3.17865300000000       -0.45510100000000        4.97484700000000
O           -0.01899900000000       -2.23402100000000        4.73926800000000
O           -1.19259300000000        0.36668700000000        1.20882600000000
O           -0.83912900000000        0.03232400000000        3.94982500000000
O            1.94457900000000       -0.94435100000000        3.24346300000000
O           -0.70954800000000       -0.54572800000000        6.67535000000000
O            2.41562000000000       -1.86347100000000        5.79229800000000
O           -0.14233400000000       -1.98898100000000        1.89750000000000
O           -0.60651800000000        2.78370500000000        0.60235800000000
O            1.89253500000000        0.19851600000000        0.31749300000000
O           -1.66356900000000        2.44981000000000        3.17138900000000
O            0.98283600000000        1.48409600000000        2.66407600000000
O            0.09821300000000        4.58241100000000        3.09937400000000
O            2.27883800000000        2.98711300000000        0.96052400000000
33
 energy: -92.086513585871 gnorm: 0.040713479324 xtb: 6.7.1pre (5071a88)
Ti          -2.48248017350928       -2.55050785061190        3.47294543891676
Ti           0.20638948068849       -1.19804049985555        3.40486596783237
Ti           0.77060336367401       -1.13729597764330        0.64567331675881
Ti          -1.73862624611869        0.21804732436885        5.46554333172967
Ti           2.92698199038379       -0.60917540623044        4.64745984685689
Ti           0.74433161441407       -1.30478357314540        6.19201225783077
Ti          -3.51673714864209        0.61214307343149        2.48161393537202
Ti          -0.64553643105448        1.68682255724402        2.02573843683496
Ti           0.17949524578715        2.01071595142007       -0.81093776029001
Ti          -0.57956143540720        3.44056665212716        4.29888500392125
Ti           2.32989518152716        1.34287441320182        1.62799958966609
Ti           1.30981565770231        4.18774366673885        1.92964021636936
C           -2.06034232146192        2.18517421394766        6.05602747154951
C            4.09870049130220        1.02016915816914        2.60506979878920
C            1.31476090199507        1.72665208071053        5.60131046823636
C           -1.83558663578482        3.39423173342287        5.91015738239358
C            4.38287743809509        0.45059825746460        3.66539603130518
C            1.02933461795119        2.94170857270426        5.35460299999048
C            1.76140999982065        0.50979795706792        5.91017213453534
O           -3.19234330640112       -0.46083489232229        4.96751772588070
O           -0.04115277667048       -2.26222586783003        4.73416559738488
O           -1.23432989793800        0.34687254825943        1.21547673943472
O           -0.84190215078118        0.02820272679122        3.94736099464452
O            1.91490016355888       -0.97258499008640        3.20710181246753
O           -0.74332881473681       -0.57581204283065        6.68738347461510
O            2.41864398834594       -1.84015472103576        5.82103506894444
O           -0.19413848849255       -1.98704866031036        1.88688458754696
O           -0.60698630904671        2.76716288750050        0.60865051069841
O            1.87923769822775        0.18675774909610        0.32790728092939
O           -1.67876804120369        2.44956242710099        3.16585862194507
O            0.96471716609006        1.46479386884455        2.66027464503364
O            0.09680189443756        4.57490474149714        3.09494576041362
O            2.27681328324768        2.97457392079291        0.96378231146245
33
 energy: -92.091096971088 gnorm: 0.022363483654 xtb: 6.7.1pre (5071a88)
Ti          -2.53097348295079       -2.50122822115483        3.47911487492502
Ti           0.21125721030473       -1.21565462882097        3.41158060894683
Ti           0.75106356912308       -1.14492256531273        0.62519722661009
Ti          -1.72680737804508        0.20832765109402        5.50929285279881
Ti           2.92146148554500       -0.62495969022942        4.61886623788886
Ti           0.75983661764506       -1.29727754348064        6.22506694782051
Ti          -3.54674898071323        0.60869249932031        2.42817481863724
Ti          -0.63481933989035        1.71726184092310        1.99325418643533
Ti           0.22679533470270        2.01037460006336       -0.82096178764281
Ti          -0.58152409169338        3.46752288292147        4.30696524853753
Ti           2.33733740618832        1.33587577550670        1.61886451745937
Ti           1.31712414779095        4.18069567353121        1.92495339799472
C           -2.12647772984997        2.18928910226338        6.03579431153277
C            4.09993561432346        1.00829133456930        2.61600991110502
C            1.32056436921818        1.72367836920136        5.59807696249660
C           -1.87767422495955        3.39376619463003        5.89363663414666
C            4.38464139316453        0.45650133519001        3.68598200167992
C            1.01168394318436        2.93108993419392        5.35967164025960
C            1.80149757885353        0.51463040077818        5.91772293860202
O           -3.17546446927303       -0.47690911083224        4.99702391892611
O           -0.01250318383287       -2.27791672442083        4.75261069552142
O           -1.24204232330583        0.35772082549124        1.22115689592954
O           -0.80950880198798        0.01686009047763        3.99949679954081
O            1.91386071470553       -0.99341267921398        3.17831507651900
O           -0.75225210728221       -0.61916009421867        6.73557324089771
O            2.43149938935528       -1.83454321245181        5.83459497821933
O           -0.23611286951076       -1.96272958102258        1.88633524118054
O           -0.58485453899632        2.78430507738967        0.57941053499443
O            1.86200510859253        0.17939199291606        0.32451663978383
O           -1.65685702910893        2.47425962188484        3.14488233464024
O            0.96537347756437        1.46857625781075        2.64110302221811
O            0.10809096966971        4.57955192081294        3.09166477870226
O            2.28448222146900        2.96366267018913        0.95857331269262
33
 energy: -92.092091513052 gnorm: 0.021757058826 xtb: 6.7.1pre (5071a88)
Ti          -2.57781580558101       -2.49043264248542        3.48969519516782
Ti           0.22165922650984       -1.19595214974721        3.40170976192569
Ti           0.72479243654912       -1.14547257899067        0.60764010046369
Ti          -1.71138804851562        0.21269708580275        5.52766162897654
Ti           2.91190829781246       -0.62565360492612        4.60590743238763
Ti           0.77713048898283       -1.28319573715854        6.25412341350689
Ti          -3.49932790952799        0.68877542134581        2.40044329313055
Ti          -0.62913370172440        1.71696466230610        1.97919435146906
Ti           0.21059144307617        2.04444544825079       -0.87584095528528
Ti          -0.59539068792190        3.47425830594670        4.30256308418869
Ti           2.34265775208125        1.31256359740940        1.63094836991953
Ti           1.33475009405729        4.16363447972494        1.93620649818436
C           -2.16173833933875        2.18759565532496        6.03414622013475
C            4.10163075820582        0.98472058601186        2.63254381107962
C            1.32374006129722        1.72414777151818        5.58789432640685
C           -1.93205918019066        3.38815358053099        5.86252673691330
C            4.39555048581488        0.44130676606687        3.70431797034723
C            0.97505106057727        2.92330475535011        5.37144754915246
C            1.83272457542418        0.52810615181540        5.93111594253377
O           -3.14977872799877       -0.49406616641287        5.01099904517077
O            0.00814104530554       -2.25471398624440        4.75082418049501
O           -1.25860855086202        0.34712244006512        1.23614172387409
O           -0.77472793905888        0.04676262314081        4.02172311665686
O            1.92191184220441       -0.98392914417619        3.15018765548482
O           -0.75098174324216       -0.63370073163077        6.76555984103413
O            2.43178023216104       -1.84348158331971        5.82068465560481
O           -0.26538306921681       -1.94176125976254        1.89314704350131
O           -0.57853136706879        2.77688579290505        0.56996672187159
O            1.86591912234493        0.15649170903052        0.33398635503676
O           -1.64830502851929        2.45267270713219        3.13966388694122
O            0.95916906678192        1.43676805685912        2.64097924211935
O            0.10761234562556        4.57042112680605        3.08105513847578
O            2.30033976395536        2.93617286151051        0.97335766313042
33
 energy: -92.093500553941 gnorm: 0.016084188495 xtb: 6.7.1pre (5071a88)
Ti          -2.52237346505878       -2.42234097140970        3.48140456030742
Ti           0.22097507443628       -1.18315217671106        3.39250213057011
Ti           0.68891284422616       -1.13483548264074        0.59238254526002
Ti          -1.70466670599248        0.21314450284891        5.52981642713977
Ti           2.90280221586440       -0.61938153107105        4.60009943269473
Ti           0.78758080891074       -1.27120892124690        6.25627435261139
Ti          -3.53435302855622        0.69091425779229        2.40156742897680
Ti          -0.61976449347639        1.72326898301826        1.98451101194082
Ti           0.25970725053795        2.02007654115900       -0.84587804903950
Ti          -0.60076278917755        3.47497396377250        4.29967500842537
Ti           2.34112357204085        1.30424727220310        1.62708836189481
Ti           1.33439928826501        4.15352718785153        1.93095378892675
C           -2.17641588050496        2.17740008789256        6.03783492287501
C            4.09647618364395        0.96545525961115        2.63219348398343
C            1.31756322053207        1.72281128678808        5.59607713608336
C           -1.96469487875452        3.37707709728416        5.83938249742265
C            4.40168508060945        0.42557994690102        3.70333668984247
C            0.95122836486518        2.91692000684035        5.38456981346464
C            1.85293330770795        0.53845668659197        5.94416390170341
O           -3.13087485466516       -0.52272601968912        5.01721752688182
O            0.00458549180031       -2.23983233580731        4.74163676882444
O           -1.26940460506734        0.35472447242203        1.25302394263015
O           -0.76071018278566        0.06963013924882        4.02468776935303
O            1.92358620617707       -0.98358659804424        3.13722855153050
O           -0.74250276600956       -0.63202785946752        6.77673475415880
O            2.43097040136315       -1.85159862928387        5.80140196253702
O           -0.27785834877606       -1.93913521551785        1.89964492186420
O           -0.57017610349204        2.76680222448803        0.57559329147294
O            1.84124830647836        0.15709418304962        0.32760887125117
O           -1.64664979029386        2.44717674180238        3.13852874641341
O            0.96425150406033        1.43382591756654        2.64501713566027
O            0.10934312215333        4.56423426134014        3.07541509806772
O            2.30572564893810        2.92409672041669        0.97082621427115
33
 energy: -92.094065570314 gnorm: 0.011820809986 xtb: 6.7.1pre (5071a88)
Ti          -2.56020866115677       -2.42193709061956        3.45708554502383
Ti           0.22060766807582       -1.19060928158104        3.40052718856104
Ti           0.68116237374345       -1.13383935482205        0.59648113266559
Ti          -1.70581096146731        0.20697598148668        5.52995141837453
Ti           2.90693892951731       -0.61226307991131        4.59998282742192
Ti           0.79055003772920       -1.26565789357486        6.24819733226431
Ti          -3.51875974342775        0.68177675665220        2.44597476013782
Ti          -0.61535532852410        1.73652244526322        1.98614496582525
Ti           0.26325782551344        2.01847559840661       -0.85004147667652
Ti          -0.60289797175076        3.47624683582724        4.29354224373774
Ti           2.34520653635485        1.31239020037801        1.61743002481503
Ti           1.34809215051563        4.16209796375447        1.92893161838846
C           -2.18955280426142        2.16622310021944        6.03357955303545
C            4.09647541877491        0.96194081755641        2.62703160341897
C            1.30197391891234        1.71685964245445        5.61624073206580
C           -1.96625766122828        3.36625310970543        5.83116860387380
C            4.41199665573213        0.42180281537121        3.69549011546663
C            0.93903541022981        2.90893290857906        5.39069335941988
C            1.86194791622427        0.54017495855890        5.94867321982823
O           -3.12098026742334       -0.54808762860889        5.01351306967351
O           -0.00702319374799       -2.24840650462478        4.74136586468770
O           -1.27134963321763        0.36523204311849        1.26425030635320
O           -0.75784114528016        0.06744963043321        4.03064657920539
O            1.92588125561051       -0.99876296625362        3.14258900031996
O           -0.73409223273949       -0.62675165220614        6.78008837117927
O            2.43613605841821       -1.84476806541961        5.79810810143445
O           -0.27096482378523       -1.94991048672185        1.91169224206130
O           -0.57752162944282        2.76330866335946        0.57089744699979
O            1.82771063097208        0.16049617870126        0.32564090230197
O           -1.65284796409876        2.46518446962060        3.12577716439695
O            0.97438258643928        1.46946237059202        2.63821072006436
O            0.11981922119871        4.56442989972340        3.07227066260395
O            2.31417942758992        2.93036961458169        0.96038580107050
33
 energy: -92.094406091074 gnorm: 0.012003237587 xtb: 6.7.1pre (5071a88)
Ti          -2.53369291329858       -2.44846974101576        3.44936714177676
Ti           0.20879175816984       -1.18637487385295        3.40440278378018
Ti           0.68590824748763       -1.13967940937774        0.60289042650927
Ti          -1.70748797448732        0.20087476077195        5.53669296408802
Ti           2.90892602057903       -0.60795801935412        4.58706002152415
Ti           0.79259833667967       -1.26255796955976        6.24400622501155
Ti          -3.53949830202673        0.70531246279541        2.46132906690635
Ti          -0.60596683815699        1.73736577794159        1.98921655712329
Ti           0.24921315299006        2.03723931130823       -0.87124112024410
Ti          -0.60409992746374        3.47826675031468        4.29519047878272
Ti           2.35179296242346        1.30914733185310        1.61728111440013
Ti           1.34676866273788        4.16815793934409        1.91683336196620
C           -2.21646228192839        2.15531676341509        6.02687238774829
C            4.10170385207679        0.96120884453382        2.62699670224751
C            1.30078575883666        1.71011942411126        5.62132077378911
C           -1.97503154938160        3.35367050149525        5.82472398585935
C            4.42817816913810        0.41833852178479        3.69034140158912
C            0.92565313292024        2.90099176991319        5.40564266779090
C            1.87309579788752        0.53920013889525        5.94537804488803
O           -3.11310487474324       -0.57301027112746        5.02083074777137
O           -0.02507030074387       -2.24648113445355        4.73713383862190
O           -1.27275773221903        0.36687313121362        1.27359314622755
O           -0.76182504995540        0.07719358562538        4.03939178852776
O            1.91465434507920       -0.99243393068945        3.13629652891828
O           -0.72288833903647       -0.61888642494367        6.78800115537394
O            2.43672656073048       -1.83865446670432        5.78346444826883
O           -0.28346711352013       -1.94353869373592        1.91808139638227
O           -0.56754627342726        2.76365897248659        0.57811064562043
O            1.82721186923008        0.15607879904924        0.32755702035451
O           -1.64931622797746        2.47548807807042        3.11824174534008
O            0.98412292900661        1.47306725258915        2.64016427553172
O            0.13267117508034        4.56454808536556        3.07579745609327
O            2.32330296731266        2.92753873193679        0.96155182143135
33
 energy: -92.094684772614 gnorm: 0.012772770860 xtb: 6.7.1pre (5071a88)
Ti          -2.55043861667865       -2.48275799893533        3.44322319719755
Ti           0.19828961341027       -1.16619101301525        3.40438819876961
Ti           0.67636728951665       -1.13315514770724        0.59947761244247
Ti          -1.70611554659720        0.19407688059394        5.54396020246118
Ti           2.91118398121623       -0.59869561799964        4.57317417892301
Ti           0.79830254973126       -1.25811557034093        6.24984215941357
Ti          -3.51426093404671        0.73432705979440        2.47670155731410
Ti          -0.59907459655117        1.73025550123012        1.99437970417453
Ti           0.27885863082834        2.02223550215604       -0.85225599005727
Ti          -0.60737703340280        3.48201098397806        4.29732268061343
Ti           2.35076947529689        1.30149764542864        1.61427121234918
Ti           1.34891677666979        4.17302855642224        1.90499814153860
C           -2.25413689699354        2.14047538041839        6.01652568648832
C            4.10030619135228        0.95424223254096        2.62362453248807
C            1.30598423699258        1.70531984789368        5.61830590002512
C           -2.00205596399553        3.33479291497440        5.80654220557753
C            4.44636832257348        0.41053720860614        3.68061643127982
C            0.90348296053617        2.89363362733770        5.42797417279773
C            1.88721975326630        0.54227390545212        5.94261560553634
O           -3.09751044645825       -0.60497413496811        5.02597108590100
O           -0.04160923036642       -2.23021416041552        4.72729649786393
O           -1.28839908903969        0.36271693606746        1.29011651999879
O           -0.76011894356660        0.10454783205030        4.05020333680866
O            1.90433122606617       -0.96891426230727        3.12527959300255
O           -0.70593865329758       -0.60534641712315        6.80033937501057
O            2.43400733241921       -1.83409481980258        5.75724571163324
O           -0.29851386138039       -1.92607610771033        1.92453357818421
O           -0.54547507709122        2.75741081756868        0.59235688639246
O            1.81764882135979        0.15707820895051        0.31885439990700
O           -1.64575124710186        2.48647157750049        3.11080847941865
O            0.98932986605917        1.45971935081228        2.64578656135014
O            0.14906366004259        4.56372338112574        3.07884310181032
O            2.33023544923048        2.91977189942279        0.95919848338568
33
 energy: -92.095056800894 gnorm: 0.008185126690 xtb: 6.7.1pre (5071a88)
Ti          -2.55727639969078       -2.44703649449665        3.43238553818405
Ti           0.19569318895046       -1.16087305234172        3.40587085817972
Ti           0.66209727982110       -1.12582615041650        0.59785384717251
Ti          -1.70290781887589        0.18605347308004        5.54632909456902
Ti           2.90864772548835       -0.59559047101183        4.57409667943781
Ti           0.80558289402529       -1.25608162263758        6.25953965258064
Ti          -3.52124788674289        0.70249601273578        2.48450819148149
Ti          -0.59634854942513        1.73436407180992        1.99079729836954
Ti           0.26434406508121        2.03105695870307       -0.86897819690065
Ti          -0.60662777790757        3.48615784243478        4.29760928186558
Ti           2.35147553445494        1.30168374248733        1.61245998072926
Ti           1.37546095120000        4.16978732794277        1.91918207574718
C           -2.26589902370927        2.12977604991139        6.01138329970841
C            4.09761861707454        0.94472358875355        2.62467476803989
C            1.30455399640927        1.70833233468817        5.62392345833778
C           -2.02501248139075        3.32133507450737        5.78902683431445
C            4.44929867625548        0.40324492697270        3.68132249831799
C            0.89629051002319        2.89356506803639        5.43437460595123
C            1.89408518200931        0.54877187734194        5.94881605446947
O           -3.08645378884022       -0.62691990295175        5.02834623278628
O           -0.04534275533233       -2.22432495801580        4.72778908874846
O           -1.29310147684107        0.36508020403168        1.29631232554958
O           -0.75543487818747        0.11627513479109        4.05464490226392
O            1.90280502312983       -0.96746553487546        3.12573472033670
O           -0.69500873781281       -0.59961032530950        6.80839450348566
O            2.43310831526478       -1.83869479604318        5.74714119676456
O           -0.30005527305478       -1.92661381294020        1.92964395097963
O           -0.54605892297412        2.75986306953336        0.58954285656231
O            1.82177580092448        0.14860068224750        0.32199511131296
O           -1.64188610259892        2.49544967439275        3.10618220718376
O            0.99119158273467        1.46731390984347        2.64461432377255
O            0.16141368592708        4.56140351801597        3.07732614454384
O            2.33710884461006        2.91531457877891        0.94967761515456
33
 energy: -92.095219867235 gnorm: 0.007738213280 xtb: 6.7.1pre (5071a88)
Ti          -2.54175096868240       -2.44285318620199        3.42794127584575
Ti           0.18836571434325       -1.16419380243990        3.41064915229011
Ti           0.65483304058103       -1.12314204866713        0.59958439084830
Ti          -1.70220135428707        0.17321654820532        5.55072028568753
Ti           2.90420406953500       -0.59510908093568        4.57287742681434
Ti           0.81205765549849       -1.25288248741640        6.26118233839670
Ti          -3.51888349045894        0.73726529675599        2.49957038383138
Ti          -0.59568391634968        1.74238238448718        1.98503127427024
Ti           0.26948766161162        2.03060025188618       -0.87115954868649
Ti          -0.60744922522223        3.48254037429932        4.29297344708287
Ti           2.35034716587375        1.30772161104528        1.60698948230752
Ti           1.37453327307592        4.16304919036723        1.91054806970539
C           -2.27629296834846        2.11567440832967        6.00701031459136
C            4.09312331616824        0.93868656650489        2.62334896059265
C            1.29728365128252        1.71173513673123        5.63981762026120
C           -2.02952774040697        3.30476093561873        5.78094725485876
C            4.44681761711927        0.39946911341929        3.68041164894933
C            0.89177227160248        2.89281181362300        5.43507006006086
C            1.90336539139465        0.55527977778683        5.95728290835485
O           -3.07958917006176       -0.65039856803980        5.03408329162461
O           -0.05485584852977       -2.22732046532206        4.73091785712901
O           -1.28839145579164        0.36986737178759        1.29539180057195
O           -0.75608490666470        0.11983136552177        4.06057584141978
O            1.89669644080692       -0.97804246720725        3.12928616424700
O           -0.68536925449013       -0.59785031741245        6.81607834900575
O            2.43626195186307       -1.83859603894890        5.74596224409843
O           -0.30432925903056       -1.92852311121487        1.93191941160491
O           -0.54532335545716        2.76510692717638        0.58231940803344
O            1.81820583955601        0.14688613853257        0.32277681344918
O           -1.64498488226970        2.50096875876931        3.09925220339204
O            0.99288777588033        1.48872985425229        2.64083661425856
O            0.17206885453656        4.55845339374816        3.07802948842168
O            2.34229610532211        2.91548635495792        0.93429476668118
33
 energy: -92.095414444201 gnorm: 0.005754679103 xtb: 6.7.1pre (5071a88)
Ti          -2.55705989509939       -2.44277357340866        3.41398261863443
Ti           0.18216638573501       -1.15888467261050        3.41314220702864
Ti           0.65817258465040       -1.12513435226207        0.60246006070940
Ti          -1.70307734433052        0.16207773485554        5.55187573147803
Ti           2.90396148111853       -0.59055522838057        4.56757690063704
Ti           0.81596049993386       -1.24642583551834        6.26163493245017
Ti          -3.52714143003997        0.73881496086254        2.52184729196095
Ti          -0.59313864562989        1.73939911076226        1.98527753872957
Ti           0.27548630846767        2.02425644336460       -0.87235136168936
Ti          -0.60489441839150        3.48290995429243        4.29192835814486
Ti           2.34864935904744        1.30764146655864        1.60448406709226
Ti           1.37718029733919        4.16867545210786        1.90671749224857
C           -2.29073588428709        2.10198400435455        6.00026637651630
C            4.09150266831278        0.93677034680284        2.62011842686854
C            1.30370992085284        1.71554499506085        5.64381631064836
C           -2.02965326070047        3.28931135424660        5.77640637361669
C            4.45026077292128        0.39718552558841        3.67500709220714
C            0.88594871895874        2.89452589296716        5.44654353929665
C            1.91356428180822        0.56113620165331        5.95977859496456
O           -3.07282128115653       -0.67187163945079        5.03291183005415
O           -0.06382743247203       -2.22368359763202        4.72956100731362
O           -1.28912367614863        0.36846017715559        1.29855509005833
O           -0.75806060239109        0.12970864365819        4.06320839260287
O            1.88991477732345       -0.97187132310833        3.12882630642144
O           -0.67859206461306       -0.59332610628562        6.82093537242423
O            2.43824254531509       -1.83044920421814        5.74314331267485
O           -0.30794897805938       -1.92491431850770        1.93349985329933
O           -0.53720831082464        2.76143433871192        0.58146931728798
O            1.81276863437223        0.14913631751698        0.31944612256163
O           -1.64195994737229        2.50940124684634        3.09401513440851
O            0.99487231833608        1.48596865797734        2.64366140686486
O            0.18299561891108        4.56216278719541        3.08213831832411
O            2.34377599811262        2.91499623884307        0.93063698416139
33
 energy: -92.095562853032 gnorm: 0.005651974404 xtb: 6.7.1pre (5071a88)
Ti          -2.56511030397242       -2.44899642142843        3.40521197499894
Ti           0.17233547001615       -1.15187961141348        3.41662107234180
Ti           0.65268909207937       -1.12275738146732        0.60511331823345
Ti          -1.70440927121060        0.14119846890505        5.55540156391222
Ti           2.90252014699372       -0.58442482409533        4.56274044261493
Ti           0.82103171681347       -1.23972358014320        6.27082721883240
Ti          -3.52151691163940        0.75274306696978        2.54055187396946
Ti          -0.59103012688966        1.74013018264604        1.98282379505368
Ti           0.27943953490395        2.01704177377425       -0.87776507323481
Ti          -0.59762686991651        3.48748626891116        4.29279943775797
Ti           2.34603349822039        1.30714292448534        1.60063269258512
Ti           1.38452607981347        4.17442914836609        1.90431828947791
C           -2.31040343675246        2.07746664043450        5.98983590089329
C            4.08852085756611        0.93220488084879        2.61541860815541
C            1.31372477627356        1.72068153563174        5.64781629158993
C           -2.04162280489957        3.26202072170870        5.76117562442562
C            4.45327005717563        0.39227976259607        3.66791308872132
C            0.88307901112106        2.89677327654979        5.45971375945283
C            1.92435036031870        0.56803133183654        5.96235073520320
O           -3.06348588059445       -0.70559758832558        5.03317396436386
O           -0.07735452013503       -2.21656204274927        4.72967239290327
O           -1.29688048051348        0.37102815891348        1.30632768792244
O           -0.76186139959658        0.14311498099144        4.06862065468261
O            1.87923335541701       -0.96257193928240        3.13136471668117
O           -0.67088460531518       -0.58954895201781        6.83133417832983
O            2.43673250685593       -1.82193650813886        5.73738169980084
O           -0.31153646425564       -1.92326912581981        1.93529929747657
O           -0.52710085685584        2.76055461687208        0.57566745824889
O            1.80829176091125        0.14771352105039        0.31722838322582
O           -1.63396870480981        2.52981625265063        3.08603149108745
O            0.99647536431039        1.48513172199436        2.64605138910857
O            0.19981467717746        4.56927195594152        3.08706848462673
O            2.34661437138905        2.91261878280342        0.92379858655741
33
 energy: -92.095665935617 gnorm: 0.005351464658 xtb: 6.7.1pre (5071a88)
Ti          -2.57424354867932       -2.44502913373314        3.39081230512783
Ti           0.16399836005824       -1.14416165527686        3.41923084245777
Ti           0.65063802846740       -1.12343754484442        0.60878874862120
Ti          -1.70407747942192        0.12024184093719        5.55999420735687
Ti           2.89912833177359       -0.57959496871292        4.55917782064772
Ti           0.82741708087477       -1.23120236967933        6.27782096944947
Ti          -3.52251934066566        0.76961649406698        2.56875185504689
Ti          -0.58721290349137        1.74172648517166        1.97850310486884
Ti           0.28234748204982        2.01421136464365       -0.88515763503087
Ti          -0.59156499749957        3.48914995627418        4.29186250009436
Ti           2.34568339378461        1.30805661865424        1.59712362969018
Ti           1.38384279697462        4.17372425411100        1.89864296748273
C           -2.32855612030358        2.05271961297416        5.98110669601473
C            4.08759102944362        0.92793850746285        2.61083483027040
C            1.31863404343805        1.72777523495338        5.65751370797743
C           -2.04731812450844        3.23381318999070        5.74977160843349
C            4.45358625276860        0.38816573435211        3.66281759137720
C            0.88253541477449        2.90039728999075        5.46662735289577
C            1.93635042480577        0.57650490068735        5.96754265208758
O           -3.05301109571308       -0.73829756614572        5.03401230148958
O           -0.09045435865128       -2.20947480911863        4.72876062582694
O           -1.29664581007360        0.37077150585227        1.31452601161904
O           -0.76305288297096        0.15830339169467        4.07440457474816
O            1.87013662544217       -0.95719061342164        3.13439947426445
O           -0.66487772295200       -0.58927795876355        6.84186928339197
O            2.43471191500742       -1.81676979132635        5.73258918791778
O           -0.31801138024443       -1.91862133578535        1.93528812630010
O           -0.52203438539749        2.75966009209756        0.56664800588807
O            1.80682898953966        0.14471591558852        0.31805646061282
O           -1.62488487960251        2.54350989083306        3.07797689211795
O            0.99982290680054        1.48992267750304        2.64774453373789
O            0.21098125003219        4.57444511515538        3.08950575794466
O            2.34812070413973        2.90929967381285        0.91497400927115
33
 energy: -92.095740355265 gnorm: 0.004958728797 xtb: 6.7.1pre (5071a88)
Ti          -2.57181583720069       -2.44089676295226        3.37849121850208
Ti           0.15693306696065       -1.14011392409364        3.42173347377916
Ti           0.64630112417735       -1.12440770457389        0.61217137366800
Ti          -1.70338059826311        0.09910071690140        5.56500835898262
Ti           2.89543115649490       -0.57634789079107        4.55782828817232
Ti           0.83287532123432       -1.22176237627023        6.28472264653530
Ti          -3.52336058163412        0.79431529992812        2.59630167957063
Ti          -0.58516664520861        1.74364481741181        1.97289769496952
Ti           0.28571349242753        2.00759684709664       -0.89193943756387
Ti          -0.58617380341772        3.49249055011195        4.28916793483989
Ti           2.34515691888549        1.31087922748021        1.59247113138047
Ti           1.39035886442445        4.17903742691372        1.90211310670153
C           -2.34374235490249        2.02806436361710        5.97318914529935
C            4.08747019687202        0.92508168189499        2.60358502084000
C            1.32679793010033        1.73517626502712        5.66095453924267
C           -2.04987389411478        3.20527066018309        5.73879100147751
C            4.45075725482585        0.38420902478137        3.65600111724110
C            0.88065443798787        2.90548048740940        5.47387562127383
C            1.94623605268628        0.58417636837749        5.97113274177761
O           -3.04350464756893       -0.76980546483482        5.03645450857183
O           -0.10370637230289       -2.20481415646909        4.72828414078637
O           -1.29930311771176        0.37004915650186        1.32495595886829
O           -0.76466137757060        0.16889059435366        4.08022051849736
O            1.86238387456680       -0.95665255526373        3.14015397959028
O           -0.66244239895732       -0.59100932095670        6.85215891438664
O            2.43034161727697       -1.81379024159496        5.73073060486305
O           -0.31978287194734       -1.91878846647878        1.93411851263731
O           -0.52295408345191        2.75488991604089        0.55258908935706
O            1.80374722913210        0.14261574850992        0.31990675444652
O           -1.61496118831107        2.55916656454065        3.06713620868424
O            1.00229810229026        1.49653670984989        2.64763556830359
O            0.21855606549965        4.58403924924672        3.09084180149277
O            2.34670706672059        2.90928918810079        0.90883778282510
33
 energy: -92.095788487359 gnorm: 0.004240921307 xtb: 6.7.1pre (5071a88)
Ti          -2.57352537911727       -2.43282745562873        3.37190526465417
Ti           0.15558636597735       -1.13808910929686        3.42177926672827
Ti           0.64261817865152       -1.12480374261841        0.61413813801300
Ti          -1.70312789562700        0.08853786011202        5.56724442319681
Ti           2.89370881745631       -0.57397381424461        4.55877509433763
Ti           0.83429146225454       -1.21671771989296        6.28892155246299
Ti          -3.52078163703595        0.80408194232682        2.61337390656508
Ti          -0.58303584685724        1.74630269063664        1.97106841577047
Ti           0.28567366250506        2.00719823129659       -0.89522777091071
Ti          -0.57970600029584        3.49455537426549        4.28949096283559
Ti           2.34682522216502        1.31016592748081        1.59274485904091
Ti           1.37600723276422        4.17825076639147        1.89090209613480
C           -2.35009065484135        2.01576941110544        5.96972470311570
C            4.09164135802670        0.92588658219499        2.59860744095095
C            1.32816142626584        1.73814595545798        5.66590748294279
C           -2.05107146556637        3.19026134829819        5.73112941892434
C            4.44876252868160        0.38334583384246        3.65236432458374
C            0.88837127568732        2.90805263216390        5.47152404266790
C            1.94824585819527        0.58600505473047        5.97317462176628
O           -3.03921265200193       -0.78516511914868        5.03675551676326
O           -0.10958566118772       -2.20288387041000        4.72587766353200
O           -1.30373047580790        0.37276164359548        1.33329712075015
O           -0.76584368065518        0.17214641844843        4.08272685363030
O            1.86036677401597       -0.95518471891521        3.14412827806735
O           -0.66574286483414       -0.59412212104344        6.85615877107558
O            2.42496065451388       -1.81348391246310        5.73119825038571
O           -0.31459198722401       -1.92263021925080        1.93263067403559
O           -0.52131523501254        2.75399065244508        0.54594054164412
O            1.80591998844037        0.13931933168684        0.32431941073792
O           -1.60566286356449        2.57023294078560        3.06153429049831
O            1.00416418382267        1.49733123945253        2.64879129475502
O            0.21999969319926        4.59186184974852        3.09197595509839
O            2.34560961700611        2.90729011644663        0.90963813524571
33
 energy: -92.095829798795 gnorm: 0.003703733415 xtb: 6.7.1pre (5071a88)
Ti          -2.57296662130658       -2.42952506954076        3.37099165046603
Ti           0.15713372186431       -1.13692377654696        3.42081982175146
Ti           0.64535378538757       -1.12598574966930        0.61360900598650
Ti          -1.70295889970544        0.09187902826475        5.56848261859194
Ti           2.89449762218395       -0.57416928843896        4.55819486701630
Ti           0.83349565387250       -1.21711935491202        6.28820508728507
Ti          -3.52316586887767        0.80850067096116        2.61528152050820
Ti          -0.58276007216723        1.74253900139089        1.97268711993693
Ti           0.28709069508329        2.00559185038256       -0.89358275729411
Ti          -0.57985285655231        3.49402297221016        4.28889053735671
Ti           2.34828823277281        1.31080053609487        1.59250588349542
Ti           1.37854849105737        4.17873060426498        1.89508954243770
C           -2.35089471852114        2.01945640045592        5.97083133444561
C            4.09487537694817        0.92832209251936        2.59575045836978
C            1.32504282229522        1.73608502747049        5.66646775576131
C           -2.05096082932816        3.19316067302912        5.72954224401136
C            4.44803854278503        0.38509246957940        3.65063172535175
C            0.89033975509778        2.90689090511917        5.46821034954500
C            1.94645523975250        0.58371132909621        5.97270858035538
O           -3.03937598188903       -0.78331289573775        5.03788163027552
O           -0.10943612121814       -2.20316919125802        4.72289270390060
O           -1.30486541447707        0.36619440866672        1.34043309857110
O           -0.76507681088663        0.17180062095597        4.08426289785405
O            1.86217148518638       -0.95459454411185        3.14265775407977
O           -0.66798715635286       -0.59439156306834        6.85523738080943
O            2.42296956750682       -1.81528116085235        5.73143534128967
O           -0.31316296600740       -1.92010109380765        1.93117957481307
O           -0.52471786408304        2.74699834969855        0.54611176341763
O            1.80620968716287        0.14133047537248        0.32448080869132
O           -1.60396814105749        2.56706448879937        3.06141348411668
O            1.00527433629198        1.49703278932140        2.64829970065359
O            0.21655134341995        4.59262711738132        3.09006415182899
O            2.34370396376179        2.90835387690869        0.91085336432038
