receptor 1M17_A_receptor.pdbqt; box centre [22.014  0.253 52.794] (AQ4)
[01/33] Temozolomide      -5.983 kcal/mol  (1 conformer(s))
[02/33] Lomustine         -6.255 kcal/mol  (5 conformer(s))
[03/33] Carmustine        -4.746 kcal/mol  (1 conformer(s))
[04/33] Nimustine         -6.048 kcal/mol  (1 conformer(s))
[05/33] Procarbazine      -6.470 kcal/mol  (1 conformer(s))
[06/33] Osimertinib       -8.138 kcal/mol  (1 conformer(s))
[07/33] Gefitinib         -8.099 kcal/mol  (4 conformer(s))
[08/33] Erlotinib         -7.270 kcal/mol  (1 conformer(s))
[09/33] Afatinib          -8.026 kcal/mol  (2 conformer(s))
[10/33] Dacomitinib       -8.776 kcal/mol  (5 conformer(s))
[11/33] Brigatinib        -8.640 kcal/mol  (5 conformer(s))
[12/33] Regorafenib       -8.774 kcal/mol  (1 conformer(s))
[13/33] Sorafenib         -8.523 kcal/mol  (1 conformer(s))
[14/33] Sunitinib         -7.855 kcal/mol  (1 conformer(s))
[15/33] Cabozantinib      -8.660 kcal/mol  (1 conformer(s))
[16/33] Lenvatinib        -8.104 kcal/mol  (1 conformer(s))
[17/33] Pazopanib         -8.528 kcal/mol  (1 conformer(s))
[18/33] Axitinib          -8.563 kcal/mol  (1 conformer(s))
[19/33] Cediranib         -8.115 kcal/mol  (2 conformer(s))
[20/33] Abemaciclib       -9.650 kcal/mol  (5 conformer(s))
[21/33] Palbociclib       -9.109 kcal/mol  (5 conformer(s))
[22/33] Ribociclib        -8.448 kcal/mol  (5 conformer(s))
[23/33] Cobimetinib       -9.009 kcal/mol  (5 conformer(s))
[24/33] Trametinib        -8.554 kcal/mol  (5 conformer(s))
[25/33] Selumetinib       -8.114 kcal/mol  (1 conformer(s))
[26/33] Dabrafenib        -8.714 kcal/mol  (1 conformer(s))
[27/33] Everolimus        -7.843 kcal/mol  (5 conformer(s))
[28/33] Vorinostat        -6.625 kcal/mol  (1 conformer(s))
[29/33] Bortezomib       not docked (boron)
[30/33] Marizomib         -6.999 kcal/mol  (5 conformer(s))
[31/33] Larotrectinib     -9.193 kcal/mol  (5 conformer(s))
[32/33] Paxalisib         -8.098 kcal/mol  (5 conformer(s))
[33/33] Buparlisib        -8.337 kcal/mol  (5 conformer(s))
