33
 energy: -91.941864291894 gnorm: 0.122134910858 xtb: 6.7.1pre (5071a88)
Ti          -0.94160700000000       -3.18617600000000        4.49976900000000
Ti           1.51266000000000       -1.34994000000000        5.17334200000000
Ti           3.90428000000000       -1.40752600000000        3.03449500000000
Ti          -2.74458200000000       -1.00886900000000        3.96990700000000
Ti           1.83763800000000        3.00743800000000        5.49066600000000
Ti          -0.76131700000000        0.95639600000000        5.08311900000000
Ti           1.85995000000000       -3.79503500000000        2.60571800000000
Ti           0.42079500000000       -0.80233600000000        1.89371300000000
Ti           2.69278800000000       -0.91891000000000        0.13766200000000
Ti          -1.78671700000000        1.18646400000000        1.86706700000000
Ti           2.69105900000000        1.58375100000000        2.58527500000000
Ti           0.87065500000000        2.01215700000000        0.25320000000000
C           -4.08055600000000       -0.05449200000000        2.75689100000000
C            4.20704200000000        2.40204900000000        3.64222500000000
C            0.14741000000000        2.63812800000000        3.23273300000000
C           -3.81799000000000        0.91990300000000        2.04098700000000
C            3.76900400000000        2.84064600000000        4.71814600000000
C           -1.13840300000000        2.25315100000000        3.40688000000000
C            1.35229700000000        3.04699500000000        3.25463700000000
O           -2.59716600000000       -2.68363600000000        4.15356200000000
O            0.66996200000000       -3.09452600000000        4.97934000000000
O            2.98144500000000       -2.04832300000000        4.32866800000000
O            0.11444700000000       -0.50015400000000        4.60406900000000
O            2.59981300000000        0.31912100000000        5.11051700000000
O           -2.39244000000000        0.27360600000000        5.01851800000000
O            0.49993000000000        1.88481900000000        5.65517300000000
O            0.76392200000000       -2.45773300000000        2.26580400000000
O            0.90730300000000       -0.83872100000000        0.21754700000000
O            3.94692400000000       -0.84286000000000        1.36930500000000
O           -1.26063400000000       -0.54348500000000        2.13153400000000
O            1.52102400000000        0.24995500000000        2.60463000000000
O           -0.84185500000000        1.71948600000000        0.54113400000000
O            2.53025800000000        1.91512700000000        0.84448400000000
33
 energy: -91.990718229412 gnorm: 0.081753564481 xtb: 6.7.1pre (5071a88)
Ti          -0.92212219883463       -3.16810337279455        4.51878362159669
Ti           1.54741179705709       -1.29584657468024        5.06464200998045
Ti           3.91389146934485       -1.36553488516470        3.04501423641582
Ti          -2.74534544405624       -1.00497945375801        3.95357384801075
Ti           1.91934647072946        2.81853055138381        5.47324677925535
Ti          -0.78514641448110        0.96720702383959        5.06069469219751
Ti           1.85560136776559       -3.81610766110864        2.57516629139695
Ti           0.41330202464585       -0.80693136798775        1.89155994379919
Ti           2.69267035843570       -0.91645393274208        0.14399213442298
Ti          -1.78276353031296        1.18208674820929        1.86776582878999
Ti           2.67995807967498        1.56530536858675        2.63203805998817
Ti           0.87783521775707        1.99618852311692        0.26946225619692
C           -4.08557645651449       -0.05358674406645        2.74980573970722
C            4.23171984874734        2.42544314823566        3.62317865585124
C            0.13868412296181        2.66173750642188        3.20790173416047
C           -3.82210673765651        0.92253093035465        2.03716102403592
C            3.84047168452390        2.87842517310078        4.70907527840191
C           -1.13213927372476        2.26515225620722        3.40662445242923
C            1.34368128544312        3.10245696523281        3.19716581336580
O           -2.57339372957244       -2.68439851753243        4.11824068615467
O            0.66646205303816       -3.06073873374575        5.08999017958038
O            2.99912192439500       -2.08327524451918        4.30717981644630
O            0.06535085781513       -0.51375763636725        4.60094863625187
O            2.54450497840435        0.32991408853678        5.12922726142665
O           -2.40196990299489        0.24361412320349        5.05077690463287
O            0.41590287456439        1.91500167915673        5.73562168341397
O            0.75038719870036       -2.45973820954833        2.27279317650752
O            0.90388637164550       -0.83899229930458        0.21815978113987
O            3.95610725061044       -0.84445157302938        1.36469007988342
O           -1.27127792705131       -0.55276393857637        2.12504005739079
O            1.51163507659527        0.23561465754473        2.60769467331234
O           -0.84091098324145        1.71696839532302        0.54003707219139
O            2.53215928558541        1.91595300647163        0.88346459166540
33
 energy: -92.022080999472 gnorm: 0.040193699899 xtb: 6.7.1pre (5071a88)
Ti          -0.90784287945928       -3.17520488795011        4.57579253317476
Ti           1.60358834109916       -1.23019355078134        4.97108885733909
Ti           3.94950604171855       -1.38774859132046        3.04256041086563
Ti          -2.74900178723250       -1.00113716885435        3.93399363910240
Ti           1.99429818123466        2.61835525339478        5.46427708101856
Ti          -0.79940265813740        0.99511865281415        5.02962149995791
Ti           1.85826271435191       -3.82230320672679        2.58967764244930
Ti           0.40152776662487       -0.80273807568462        1.87148826049232
Ti           2.70780533056309       -0.92873206894977        0.13690703213810
Ti          -1.78519286969052        1.18604040553220        1.84824695950395
Ti           2.67325779924875        1.55846345432101        2.64601882080784
Ti           0.87773229360226        2.03029236075767        0.26679876028214
C           -4.09297031033338       -0.05143797915504        2.74261294440903
C            4.23687562253290        2.44612076559122        3.61087647496897
C            0.13464192047954        2.67461169700379        3.20906883814630
C           -3.82917058734881        0.92463344870219        2.02985121734841
C            3.88396748747902        2.90716883680178        4.71049840032289
C           -1.12113397050490        2.26024343888293        3.40312556694034
C            1.34573197798489        3.12778115535842        3.18438186464832
O           -2.54113274953695       -2.68712875339170        4.06853912055211
O            0.67917178308880       -3.00970101116247        5.16665505954612
O            3.02298999579994       -2.11016363845754        4.30154543978138
O            0.03235020163601       -0.51374601356516        4.63149000928903
O            2.46677538924626        0.28761313487203        5.09856529249945
O           -2.40389000816159        0.21136348250667        5.08875238456759
O            0.30688862400080        1.97711061859962        5.85772140535702
O            0.73882759635803       -2.43632607337470        2.31635884248913
O            0.91210041788591       -0.85695851181327        0.20784121405194
O            3.95797395581065       -0.84038958064283        1.37018169576528
O           -1.28806175611252       -0.55602887416766        2.09983311850552
O            1.47995465234062        0.25547104752552        2.58945910410748
O           -0.84110677560561        1.71824629675636        0.52070601577064
O            2.53201725903682        1.90777393657752        0.88618149380105
33
 energy: -92.031192729760 gnorm: 0.045895813666 xtb: 6.7.1pre (5071a88)
Ti          -0.87686678014916       -3.16084836980716        4.63396316083809
Ti           1.61444139211705       -1.18157281031399        4.89763094566832
Ti           3.98267285742820       -1.36384213423458        3.03743515443384
Ti          -2.73032681351202       -0.99953526545872        3.91480238781130
Ti           2.00177079105628        2.47943413132819        5.49311553882526
Ti          -0.81130227125220        1.00390358455457        5.01161795160391
Ti           1.80686245399871       -3.86694185636942        2.58992567991393
Ti           0.39105042970681       -0.79951883187229        1.85990243550913
Ti           2.71161990518324       -0.94683611845079        0.12924713619774
Ti          -1.79204185580377        1.20698841423594        1.82790708928512
Ti           2.67261221175123        1.56793555575772        2.61140111703433
Ti           0.87981304220145        2.01986211759855        0.22990151029247
C           -4.09175691853775       -0.04532585219405        2.73938254088776
C            4.22099469834584        2.45626904122804        3.60853480732113
C            0.14533027088956        2.68769003078786        3.22889582151917
C           -3.83301557348083        0.92984883729871        2.02326025250977
C            3.87517094016514        2.86669739697346        4.73081910404861
C           -1.10816566420806        2.25958145705231        3.39475048829305
C            1.36502477065946        3.11677737552007        3.22038068101218
O           -2.49304910450402       -2.68568830386916        4.01334317578274
O            0.69876489287821       -2.96737377078176        5.25438214511272
O            3.04765048757509       -2.08131737989119        4.29876377127029
O            0.01457915899646       -0.49194181411793        4.59506316316567
O            2.45253116293217        0.25955161226313        5.12517462969589
O           -2.41229777942155        0.18907915585366        5.11374406629460
O            0.24641919525977        1.97094967905441        5.94648060767438
O            0.71724524002456       -2.41332948956539        2.37761663003049
O            0.91248658387047       -0.88461682155292        0.20280332822008
O            3.96219125132009       -0.83065757438848        1.36294702549125
O           -1.29875933362845       -0.53735671000206        2.08491561434099
O            1.47044665631476        0.27365392149730        2.55980080067093
O           -0.84154147975037        1.72837930512733        0.50024359309914
O            2.53678418157349        1.91657148673878        0.85256464614574
33
 energy: -92.040106127509 gnorm: 0.050701388946 xtb: 6.7.1pre (5071a88)
Ti          -0.85972384794150       -3.15428325039862        4.71936843023337
Ti           1.61147828565796       -1.17269621700975        4.87172838795273
Ti           3.99610008174707       -1.39483621019966        3.00928345423804
Ti          -2.71147502083027       -1.00154929078521        3.89881565358456
Ti           2.00762365033347        2.32849955124876        5.50394421178933
Ti          -0.82584489071865        0.99945188170263        5.02219798162572
Ti           1.80697635330865       -3.85333703589435        2.64939331048223
Ti           0.38807550727720       -0.78394699502531        1.83067955917991
Ti           2.71673505921576       -0.96691925774562        0.10920707612717
Ti          -1.80156315644499        1.22980324553707        1.80464952616833
Ti           2.67405445871711        1.60801191670965        2.55296545893850
Ti           0.87478775488852        2.03976304913422        0.19252673458019
C           -4.08968162793733       -0.03866706182920        2.73608971227801
C            4.22322037205083        2.45050727280292        3.59637039508726
C            0.14969188102099        2.68894420097747        3.25040269180754
C           -3.83682006230294        0.93746690043085        2.01917492983602
C            3.87829627069186        2.78861918467488        4.74569089156360
C           -1.10521223614679        2.24981963040524        3.39029036349344
C            1.37086386199033        3.10820326981013        3.25119737234666
O           -2.44757562925191       -2.68468563773596        3.96035285507478
O            0.71329293043802       -2.93726498553893        5.32679797520664
O            3.03610848948082       -2.07828692329406        4.27394678987236
O            0.01817005580237       -0.46616182235737        4.58351196372927
O            2.41351711208032        0.28808603734220        5.21418261686298
O           -2.42824663214763        0.16918160952576        5.13531954384596
O            0.19977900146096        1.94650811826636        6.01609346260339
O            0.72631431493493       -2.36627606630139        2.43444185582432
O            0.91630916065088       -0.91694744393512        0.17938830611791
O            3.95834153502542       -0.81964636579151        1.35306207319701
O           -1.30340023945804       -0.51639313336500        2.05036575809871
O            1.47099191125149        0.31106294832927        2.51248235854538
O           -0.84350408401251        1.74284649254196        0.47714775717416
O            2.53965837916743        1.94159238776777        0.79964754253462
33
 energy: -92.053560067855 gnorm: 0.052612122588 xtb: 6.7.1pre (5071a88)
Ti          -0.82555535509622       -3.12529937580360        4.78658149147353
Ti           1.59094665568584       -1.18091351647635        4.85624260745557
Ti           4.01362374386283       -1.38743328104240        2.97836699464631
Ti          -2.69879416259281       -1.00606145462933        3.89186215310614
Ti           2.00562844834955        2.08211978444405        5.46766829170732
Ti          -0.83769140847567        0.98924758684485        5.03228551235292
Ti           1.77993849397595       -3.88328579056074        2.68876525634399
Ti           0.38713988917467       -0.76741402131917        1.80805932010732
Ti           2.71688391117267       -0.99145696318357        0.08899448277398
Ti          -1.81587785178326        1.26060905905518        1.78501660181142
Ti           2.68035746856204        1.66393094407465        2.48216166915776
Ti           0.87351227655028        2.04842037789977        0.15408518626708
C           -4.09114695849017       -0.02933043969891        2.73284243681540
C            4.23956645427941        2.43148554472958        3.59087819251802
C            0.15490646427255        2.68573703035135        3.28704309522807
C           -3.84045734829227        0.94628984207137        2.01507109931723
C            3.88310965590662        2.69130386199937        4.75820722402764
C           -1.10838745021918        2.24807329405797        3.38625113675740
C            1.37837597607549        3.08650188635395        3.29064525147178
O           -2.38718762196615       -2.67776842526203        3.91400297722544
O            0.73520554581220       -2.87929787261840        5.39658421796830
O            3.02061463019906       -2.03522285243670        4.24395747816607
O            0.04132120106232       -0.41937826909714        4.55498786069189
O            2.33378376434305        0.35750034224239        5.32452027466411
O           -2.45128174277068        0.15305451500107        5.16114289124953
O            0.14313051187630        1.90002519226741        6.08856948781161
O            0.73786975282028       -2.30333657567896        2.50769538380769
O            0.91764988147112       -0.94395575483770        0.16380762990260
O            3.95821081158520       -0.79812759850844        1.33632244957712
O           -1.30535711675132       -0.48548128518224        2.01986771997612
O            1.49676530279785        0.33864872602429        2.48076617483370
O           -0.83934072183659        1.74953279969742        0.45649485154613
O            2.54987589843878        1.95775268922113        0.74096959924099
33
 energy: -92.061183466989 gnorm: 0.066193797280 xtb: 6.7.1pre (5071a88)
Ti          -0.81257896809997       -3.10104443736316        4.76317307728735
Ti           1.54805674209633       -1.25965995441708        4.89293616091804
Ti           3.99580967554277       -1.35498257365206        2.96613940070617
Ti          -2.70796396315495       -1.00724781346044        3.91049481468244
Ti           1.92565806617717        2.04608323734924        5.36452072456273
Ti          -0.81399554328096        0.99587495041240        5.03949238782199
Ti           1.77675146625818       -3.92352739215424        2.67957699933736
Ti           0.39048110961582       -0.76520179779980        1.80212487745986
Ti           2.70619163288112       -0.99218288803565        0.08713921627784
Ti          -1.81627849257997        1.26789241628655        1.80032209412882
Ti           2.68594594669043        1.69162688974245        2.45713307708593
Ti           0.87458452636282        2.02089717031335        0.14830905728712
C           -4.08976061934149       -0.02726044793602        2.73024347831522
C            4.23154189429005        2.41111610207854        3.63600318146987
C            0.15320836374395        2.67507636490762        3.31245097546994
C           -3.83550392635306        0.95049257246573        2.01803700853030
C            3.83225416891164        2.68055165577302        4.76786792869234
C           -1.12210972013823        2.26751865315859        3.39184880274731
C            1.38059297293174        3.05992139382293        3.29722392837429
O           -2.36324479203118       -2.66510091795172        3.93619807842813
O            0.72879486368903       -2.84274286968464        5.41905669732965
O            2.99270950327015       -2.00263176686686        4.22961249026954
O            0.08678485167836       -0.38046204028975        4.55265266330829
O            2.38451551481975        0.30478625070220        5.33054121581606
O           -2.44128023883399        0.16569882554822        5.16315768964958
O            0.13991733367535        1.90544514164151        6.07028818186441
O            0.75903031113101       -2.26899695653182        2.49997740701786
O            0.91228411017529       -0.93073762577610        0.16062050306966
O            3.96222488541010       -0.79379036230780        1.32498493998042
O           -1.29936390692865       -0.47727375340354        2.01637993539885
O            1.54645645989520        0.31289505089753        2.50228647338440
O           -0.83119371889523        1.74040329498460        0.46407086934627
O            2.55681849039111        1.97303362754632        0.73585266398214
33
 energy: -92.065908281387 gnorm: 0.067310058693 xtb: 6.7.1pre (5071a88)
Ti          -0.79864487049487       -3.09538959933575        4.75209582260025
Ti           1.52614342636907       -1.25314410121277        4.90281011617102
Ti           3.96792023782292       -1.33806875280386        2.95065070315004
Ti          -2.73671193895969       -1.01659129666914        3.91746948848808
Ti           1.92442432174324        1.97396313436638        5.36139117943669
Ti          -0.82961265551591        1.01474208386186        5.01760611367837
Ti           1.80524607647595       -3.92211881722720        2.69897773633089
Ti           0.39976654028823       -0.75574350094063        1.79510992941076
Ti           2.69731806630583       -1.00074459482136        0.07494548864644
Ti          -1.80250707779368        1.26715068430166        1.81962973698297
Ti           2.71802508685652        1.69316379959908        2.39313984688076
Ti           0.85933817161880        2.00827115680645        0.11727097503253
C           -4.08392467342967       -0.03252876484611        2.71371198217018
C            4.22143667134282        2.40837798256749        3.62331152744084
C            0.15689155265123        2.65532868198691        3.35525293322555
C           -3.82600767928567        0.95658331206857        2.01770034706144
C            3.81476532249254        2.55740156570232        4.80793450550439
C           -1.13077070362618        2.29681022026405        3.40039583368650
C            1.40605067135039        2.99440996530873        3.36325764725499
O           -2.33562093451096       -2.67371588890076        3.94486492424099
O            0.73433663895905       -2.77921770439991        5.45524298991466
O            2.97489169771763       -1.96221912623120        4.23579910012538
O            0.07175717265329       -0.36253061589132        4.55089295786270
O            2.36692119498545        0.32556293213443        5.34636012001970
O           -2.44726687023699        0.16594286480392        5.15399507366939
O            0.11931650602410        1.91774747349342        6.06494939217299
O            0.77882155287888       -2.24162039916369        2.50208688781888
O            0.90564100428968       -0.93356733940590        0.14947300892046
O            3.96530160840876       -0.80169093805270        1.30241068203905
O           -1.28401051252313       -0.47046512088744        2.03533703049267
O            1.58067732764160        0.31460615015222        2.48802747831899
O           -0.83426227077628        1.73918472891501        0.46613368221012
O            2.55168833827668        2.02657982445736        0.69248175904155
33
 energy: -92.070877721328 gnorm: 0.039046229126 xtb: 6.7.1pre (5071a88)
Ti          -0.80415331357273       -3.12418591069084        4.74776784995834
Ti           1.52272790415193       -1.24237879859517        4.87357254540678
Ti           3.95206132432418       -1.34346325609814        2.93196598867882
Ti          -2.77734993686349       -1.02430218883606        3.93002320514756
Ti           1.91976676925025        2.01958734053979        5.34934694382378
Ti          -0.83877099212746        1.03055646476203        4.97940252082578
Ti           1.82961868278984       -3.91872847511241        2.70352503120573
Ti           0.40365341615110       -0.74207808682273        1.80473717698185
Ti           2.69751546197449       -1.00523822047405        0.06275102909916
Ti          -1.78588535365163        1.25614234968168        1.83652251768256
Ti           2.74778932181997        1.66779329675425        2.36681835495552
Ti           0.84571030397949        2.02528279127717        0.11417522410832
C           -4.07516462405086       -0.03544682338026        2.70096282348315
C            4.21797343236480        2.34150558785104        3.65265848405999
C            0.14856734810834        2.63534503884943        3.38005914927264
C           -3.81836040246058        0.96174920587197        2.01376685396679
C            3.79785686553832        2.57473445631736        4.79672499170340
C           -1.14040385403492        2.32084373364452        3.41016153334701
C            1.41844786599076        2.94095650842808        3.41362786250482
O           -2.31599234624323       -2.69415077515034        3.94816580859192
O            0.73564227187367       -2.74433669492123        5.47907273854770
O            2.97899143916821       -1.95587390881356        4.23718615287691
O            0.04086782659073       -0.37279412691071        4.53118094487917
O            2.36336269458273        0.29833663729711        5.39325638706426
O           -2.43686634034446        0.16474124204439        5.14457695595955
O            0.13982432529169        1.93869870841134        6.02162690039346
O            0.78093666324731       -2.22752833580606        2.51832233598122
O            0.90615597298949       -0.93247769452902        0.15163917022134
O            3.97867733219612       -0.80577518738171        1.27674628250292
O           -1.27471484266777       -0.46850034259230        2.06121841497042
O            1.56879259219979        0.34150549540621        2.49476263531532
O           -0.83533546046216        1.73968921575359        0.47102542411636
O            2.54539665189571        2.05626075322472        0.67336676236770
33
 energy: -92.073710667455 gnorm: 0.045657342461 xtb: 6.7.1pre (5071a88)
Ti          -0.80371606789789       -3.13001970314071        4.78799731380878
Ti           1.52230125860875       -1.23812260291799        4.87930487346485
Ti           3.95536298345974       -1.35959811200789        2.91682696715549
Ti          -2.80678898684626       -1.02838778559551        3.95260412870509
Ti           1.92675869652707        1.99269916153325        5.32070142287336
Ti          -0.85405473583329        1.03051750712682        4.97908130187438
Ti           1.82588053327671       -3.95202008444354        2.71001977475544
Ti           0.41247700827341       -0.73943522287431        1.79681781778994
Ti           2.70325272457831       -1.00498492158237        0.04944673944824
Ti          -1.78486677526115        1.25079617183603        1.83582014690603
Ti           2.73747513150098        1.67368761697149        2.37443320818279
Ti           0.84335339580911        2.03080940288583        0.12256341964286
C           -4.06698591463835       -0.03232734218559        2.68932054528091
C            4.22493789145562        2.28915570404328        3.67037098761428
C            0.13286484858638        2.63306404444449        3.39571888322076
C           -3.81606098729735        0.95828462366357        1.99113159736927
C            3.82936833328568        2.58280018783090        4.79715667143548
C           -1.15349026975007        2.33411606496678        3.40792551123024
C            1.40141259528564        2.93978619447686        3.45090991150325
O           -2.28618096082764       -2.70554995981027        3.95321378757756
O            0.75506003811616       -2.70269222096487        5.48675971107910
O            2.98530650566823       -1.93716897698921        4.24172049464355
O            0.03191553943305       -0.37158214603062        4.53522291642051
O            2.30490096325587        0.30169646737150        5.37295850521546
O           -2.44323138114881        0.17604356794012        5.14792118547046
O            0.15119157029050        1.93976443329854        6.00232403011443
O            0.78241491071106       -2.22878772347757        2.49609436944256
O            0.91323975520715       -0.91872937954687        0.13988643326613
O            3.98443058469193       -0.78827818643338        1.26679601100526
O           -1.26271081589682       -0.45665887445938        2.05726724315415
O            1.58046860977212        0.33925193702320        2.49222295493084
O           -0.83236930697191        1.73972755964352        0.47140241265136
O            2.54342132457569        2.05861259740407        0.67877572276744
33
 energy: -92.076316000733 gnorm: 0.033639785526 xtb: 6.7.1pre (5071a88)
Ti          -0.77866185935438       -3.11374752882339        4.76375775687660
Ti           1.51922183066920       -1.23402092898846        4.84277537382318
Ti           3.96889441243236       -1.38449547446638        2.88901621982617
Ti          -2.84328590798851       -1.03593416838174        3.98773636998261
Ti           1.92327336559760        1.99081817519806        5.29342142978446
Ti          -0.87733893031385        1.02288688230037        4.98174455368774
Ti           1.82308163429973       -3.99244904446925        2.75909223970976
Ti           0.42181557425937       -0.73912317627171        1.80674772272207
Ti           2.70215177908689       -1.00242245175146        0.03418315999678
Ti          -1.79332258852376        1.24575528774440        1.82926875302419
Ti           2.70818998194406        1.68827193077065        2.39375437863936
Ti           0.83586553680571        2.03301315971809        0.13340454031052
C           -4.05697378487768       -0.02367840584514        2.67919739946311
C            4.21187448839614        2.27601820590841        3.66720163399702
C            0.11988339383997        2.64044400483401        3.39872426669826
C           -3.81958373155147        0.95058023728543        1.95434770705689
C            3.87546773718918        2.54043934767953        4.84280902407684
C           -1.16300830536348        2.35513740003760        3.39309616563719
C            1.37807696985756        2.96885709410302        3.48197415280906
O           -2.24440892615642       -2.72151517125853        3.96449480709105
O            0.77590958770439       -2.67152264279189        5.52611531922815
O            2.99363467754027       -1.93507913976516        4.21887065547296
O            0.02175160095133       -0.36250878199312        4.49919489659878
O            2.29007711297227        0.25272989884994        5.39074366579520
O           -2.45363507814836        0.19715386538635        5.15287336221091
O            0.16876658832165        1.94139461736356        5.97615826380598
O            0.78229082431909       -2.23300346571813        2.51277218769278
O            0.91477789888280       -0.91096142080922        0.14242107797864
O            3.99219649011586       -0.76611956653259        1.24622504324653
O           -1.25024217034069       -0.43068598190904        2.05651427154562
O            1.59433923777803        0.33616209244549        2.49434445836541
O           -0.83669059942620        1.74075385229140        0.46858809770169
O            2.53295015908096        2.05332129785906        0.68914804514474
33
 energy: -92.078210138254 gnorm: 0.022790780520 xtb: 6.7.1pre (5071a88)
Ti          -0.78060015858744       -3.10274266887086        4.82269894261905
Ti           1.51697023467477       -1.22220154353008        4.81917711793912
Ti           3.96718727936703       -1.34462062371301        2.87250681625869
Ti          -2.84054343653441       -1.04069595632347        3.98983751912575
Ti           1.91230873885874        1.97296218377448        5.33054595587460
Ti          -0.89476908385168        1.02229187639933        4.98801881634722
Ti           1.82343701415856       -4.00980609547768        2.80884846554661
Ti           0.42102632423341       -0.74532994819070        1.80102971823659
Ti           2.69217124099826       -0.99226322622145        0.01747729479007
Ti          -1.79863249730915        1.24407076543900        1.82316335713441
Ti           2.71157588084610        1.66978758652265        2.38519469255931
Ti           0.83239903951087        2.01520255391259        0.12378314340601
C           -4.04815484046682       -0.01818951280756        2.67420455219548
C            4.19364115396182        2.24696464447899        3.68884194322343
C            0.13682321050941        2.64935884703350        3.39749910235805
C           -3.82272303005130        0.94687592834347        1.93292693968653
C            3.86227842786134        2.51883726266771        4.86059834035885
C           -1.14952971154942        2.36104092319560        3.37864434817049
C            1.40631475460228        2.95231217039353        3.50895271860236
O           -2.22448726575219       -2.72634859943791        3.94919609569385
O            0.79165138014684       -2.65181685530905        5.53705487625072
O            2.98620212290850       -1.92198070470425        4.17902511495250
O            0.01743558344726       -0.34432975579200        4.48173807982279
O            2.29451572763058        0.25657008531083        5.42572614130954
O           -2.46392569210978        0.20720003077120        5.15284416221841
O            0.16749367409706        1.92978224513266        5.99129683945072
O            0.78855773378603       -2.23964221324154        2.50060129560510
O            0.90717494041584       -0.90086075044241        0.13497770850030
O            3.99902748357368       -0.77452919091381        1.21331080920051
O           -1.24906137362823       -0.42032394004870        2.04435749864479
O            1.59754386599374        0.32783692452739        2.48504715195326
O           -0.84317662545685        1.74668167296229        0.46465460052593
O            2.52720690371475        2.06437588415952        0.68693684143929
33
 energy: -92.079039170437 gnorm: 0.024566370019 xtb: 6.7.1pre (5071a88)
Ti          -0.75800831058958       -3.06376341495545        4.80402274653099
Ti           1.52395560496363       -1.21758715393153        4.82424218012611
Ti           3.97233329354047       -1.35647807372118        2.85297218589270
Ti          -2.83275664092182       -1.04647212566030        3.99253260068636
Ti           1.91062490849372        1.95011163653364        5.35766921580308
Ti          -0.90093557221548        1.02372377718015        4.98735339524578
Ti           1.83612977228479       -4.00965304972230        2.89633017940802
Ti           0.41274216182211       -0.74626582297961        1.79409807161719
Ti           2.68021872614587       -0.97633056753385        0.01056399026305
Ti          -1.80739105815075        1.23925926429607        1.81168807268627
Ti           2.70979598573945        1.66273662753714        2.37466697049103
Ti           0.82087114122736        2.03352602360190        0.11882789056828
C           -4.03653597086347       -0.01831259657274        2.66944936277257
C            4.18079062841443        2.19801363494425        3.72016781682364
C            0.14529111866818        2.63175456679381        3.39466912130575
C           -3.83104965919146        0.94003818208033        1.91275699881982
C            3.85436352000446        2.48479852760255        4.87927006291045
C           -1.14549977452131        2.35410411995822        3.36877040509255
C            1.41639727032822        2.93674848943442        3.51511810140097
O           -2.20015270793578       -2.72650639650297        3.94437797726368
O            0.81131624836244       -2.62688569232271        5.54308530835356
O            2.97989559683889       -1.91982484557084        4.15378452483629
O            0.02137459086680       -0.33604135822209        4.49243253563073
O            2.28764440511938        0.26097582470002        5.42358644338575
O           -2.46430178210701        0.22238268296590        5.15084987057648
O            0.17141029124113        1.92715390082985        6.00109944109925
O            0.80005226853161       -2.23105529934641        2.51382314791334
O            0.89749742181440       -0.90148667949879        0.12894620703942
O            3.99927429309152       -0.78967135083367        1.19347141352199
O           -1.25593219795247       -0.41364042641285        2.02700668529419
O            1.57977679817062        0.34369081524910        2.47274269995999
O           -0.85590369899734        1.75921755598818        0.45666781263399
O            2.51405032777658        2.08820922409202        0.68367356404705
33
 energy: -92.080012644688 gnorm: 0.018114658030 xtb: 6.7.1pre (5071a88)
Ti          -0.77215916912456       -3.05851115438227        4.86850356304584
Ti           1.53196156245778       -1.21383268518480        4.82203843748302
Ti           3.97990032386990       -1.35791997988888        2.83057826486354
Ti          -2.82196906691942       -1.05302707655673        3.98695307527651
Ti           1.90995660423708        1.95886888047522        5.36004316397895
Ti          -0.90228264423366        1.03286591395297        4.97765481353925
Ti           1.82637242123076       -4.04134979914434        2.95592670462297
Ti           0.41653416687665       -0.75311324276710        1.78334105031439
Ti           2.67232262518972       -0.95676247821927       -0.00100250113346
Ti          -1.80965977005071        1.23253914703877        1.79978340657541
Ti           2.69939810131113        1.66329687868803        2.38181136104900
Ti           0.81404337913125        2.06596906520917        0.12442384009315
C           -4.02085556797059       -0.01589374755437        2.66389862598052
C            4.16651397406253        2.17438385494703        3.74002789594737
C            0.13545654771366        2.61172894312059        3.38884674656862
C           -3.83622002012684        0.93828960233747        1.89589595306180
C            3.86196976971590        2.43368779182754        4.91721920060224
C           -1.15444110756757        2.34673992528764        3.36520775572665
C            1.40222262775113        2.93194018838332        3.50540709702988
O           -2.18462326362177       -2.73092871541063        3.92403785903276
O            0.81977194533477       -2.61149394860729        5.55238626137503
O            2.98590426346927       -1.90710568233387        4.13390124858329
O            0.02757091504231       -0.32482009361722        4.49998030825662
O            2.29494642305124        0.24221386879389        5.45103639533189
O           -2.45611925156670        0.23375144088563        5.14625144466234
O            0.17870924675696        1.94704569537860        5.99300627774995
O            0.80572504023030       -2.23888847178272        2.49414846129991
O            0.89220726407570       -0.89648070551631        0.11647500156221
O            3.99707654233950       -0.78664798972117        1.17250882992506
O           -1.24809114840656       -0.40712633728755        2.01791397144102
O            1.58630691117944        0.33670617244912        2.46126009275893
O           -0.86454018826156        1.77426042718298        0.44889666476624
O            2.50342954282258        2.10608431201690        0.69235572862946
33
 energy: -92.080671966609 gnorm: 0.014944348987 xtb: 6.7.1pre (5071a88)
Ti          -0.77748341451939       -3.06185703964633        4.88399200614761
Ti           1.52407784689288       -1.21761162089906        4.78615494337860
Ti           3.98112465603851       -1.38990391569525        2.78932171155563
Ti          -2.82626289572638       -1.06319917104788        3.99063667552411
Ti           1.90026945079113        1.94241321247953        5.35316856724771
Ti          -0.90009324132794        1.03684628335007        4.95635989413052
Ti           1.83146920807672       -4.05656825349319        3.03147737850855
Ti           0.42248694336910       -0.75558126503177        1.78657626435248
Ti           2.66088657305359       -0.94102251206520       -0.01881791444581
Ti          -1.80626069716497        1.23473015076942        1.79743023650448
Ti           2.69675573033353        1.67149748782291        2.39119714207777
Ti           0.81896027936849        2.06632752856337        0.12928673995042
C           -4.00900579254621       -0.01896306219275        2.65561297227550
C            4.15783871583239        2.17647695762034        3.75408242171083
C            0.12492040840900        2.62038828851570        3.39317719059215
C           -3.83472884831067        0.93593961085072        1.88755136431268
C            3.86458250854539        2.43770214366963        4.93316285337352
C           -1.16206096173403        2.35524106907083        3.36540728881563
C            1.39704107151690        2.92455664790030        3.51510185736314
O           -2.17242421829009       -2.73694552097466        3.92102151272814
O            0.81527798123096       -2.60959018232223        5.58112364942287
O            2.98774886234349       -1.90168925003696        4.11111503842626
O            0.02939035635095       -0.31288922820781        4.46506080897943
O            2.27964620438760        0.23106221934918        5.47445749039864
O           -2.45085406559169        0.23845040180025        5.14556097550153
O            0.18771322824716        1.94328822187922        5.98315977962639
O            0.81664746627521       -2.23358714362898        2.50194620624979
O            0.88347306758297       -0.89141514250343        0.11518691449766
O            3.98768008069136       -0.77346004000342        1.14757390032034
O           -1.23764523345703       -0.39752454094765        2.03083792675665
O            1.60355308050762        0.32910303733328        2.46327127522425
O           -0.86367856489386        1.78196786710538        0.44711923794037
O            2.50629321371689        2.11228676061678        0.70240269055260
33
 energy: -92.081269999734 gnorm: 0.016153541193 xtb: 6.7.1pre (5071a88)
Ti          -0.77655402196087       -3.05986052513343        4.86306995990224
Ti           1.52264448081019       -1.22726499952218        4.78608573601071
Ti           3.96612822400432       -1.37801005876393        2.76802063791488
Ti          -2.82910879069436       -1.06699356360273        3.99465409847357
Ti           1.89830247303777        1.93921482484156        5.37319627201894
Ti          -0.89875027536717        1.03788837707405        4.95404852689329
Ti           1.81247936904083       -4.08704765668726        3.10588442828524
Ti           0.42703748738280       -0.76382248550643        1.78266601758195
Ti           2.65466808064921       -0.94377750318004       -0.04151314028607
Ti          -1.80074317564937        1.23910994974822        1.79369224831652
Ti           2.69546752778311        1.67339385909025        2.39706733601979
Ti           0.82337306244310        2.06637047911406        0.13086020779025
C           -3.99772927244964       -0.02345360521694        2.64731202758833
C            4.14547683953095        2.19235116679865        3.75580498716301
C            0.12431058040241        2.63427677447804        3.39589368903723
C           -3.83071953579038        0.93179649495711        1.87930580077309
C            3.86404503474544        2.45611255156548        4.93925280806180
C           -1.15965639745270        2.35919873882870        3.36559935089108
C            1.40256358472778        2.91825376248058        3.52982374259593
O           -2.16478712585747       -2.73602072218484        3.92326557124280
O            0.82245118174109       -2.61749661600262        5.55359668748980
O            2.99237682876530       -1.88970993480901        4.10408147678067
O            0.02711944247007       -0.31878790300193        4.47419948258244
O            2.26864645820123        0.21586898593801        5.47660431669249
O           -2.44816805089854        0.24590983086727        5.14790490051470
O            0.19370395329792        1.94696489320032        5.98579963798516
O            0.81621995750961       -2.23789185416205        2.51433757339838
O            0.87928769365449       -0.89664189846940        0.10768614141721
O            3.98116189457623       -0.78055201948732        1.11950850550508
O           -1.22936138619487       -0.39189818689720        2.03427390547325
O            1.61172861660936        0.32293035398835        2.45563595204682
O           -0.86449670455609        1.79333939715042        0.44356255222307
O            2.50822096548779        2.12271909250656        0.70953556161681
33
 energy: -92.081897881943 gnorm: 0.012784663495 xtb: 6.7.1pre (5071a88)
Ti          -0.77620651150355       -3.04663112435459        4.86799588858639
Ti           1.52950456170047       -1.21580038793378        4.78438733067648
Ti           3.95216748589340       -1.39187682115914        2.73620707113254
Ti          -2.82531852604026       -1.06840671328601        3.98766406232742
Ti           1.89698170147939        1.92617887652356        5.38586578695628
Ti          -0.90526613184857        1.03788944673984        4.95768216725127
Ti           1.81301616249490       -4.11275119959716        3.17918348476206
Ti           0.42772067047252       -0.77139354925259        1.78241917771501
Ti           2.64469642422258       -0.92464820268636       -0.06535062425138
Ti          -1.79737392809018        1.24169472336840        1.78513118881242
Ti           2.69340418743274        1.67847374880816        2.40673706260311
Ti           0.82842888134886        2.07400504342240        0.13565047557185
C           -3.98975600326536       -0.02844481416661        2.63925248869991
C            4.14410658476906        2.18149028313780        3.77307678189818
C            0.13101370524286        2.61187862714494        3.39900598014765
C           -3.82846201098999        0.92572577641368        1.86928256809985
C            3.86202024371690        2.45322067431722        4.95100608630735
C           -1.16254334617903        2.35900890304447        3.36239008888163
C            1.40027634723948        2.91120573329097        3.52890759444331
O           -2.15510325136553       -2.73070653357082        3.90509496178277
O            0.83002378630088       -2.61869881415533        5.54656723753088
O            3.00044831059776       -1.87580307483377        4.10219471384312
O            0.02632283612891       -0.31844608639927        4.48326364023721
O            2.28173221356829        0.21470166775434        5.46262833773700
O           -2.45328584842559        0.24985562576131        5.15221285175693
O            0.18284788985572        1.96084843708020        5.99195918382680
O            0.82818129083036       -2.23990441591130        2.52691919986994
O            0.87120844792567       -0.89162845272961        0.10425488067569
O            3.97433223455896       -0.79775512573481        1.08663780588441
O           -1.22710850726342       -0.39337796971348        2.03174165933452
O            1.59562100423463        0.33722224502099        2.45372423067726
O           -0.86640393918900        1.80275265580563        0.43741610657258
O            2.51011203414568        2.13659081785106        0.71960752965001
33
 energy: -92.082428170370 gnorm: 0.012556604913 xtb: 6.7.1pre (5071a88)
Ti          -0.78026535578363       -3.03031423026245        4.86873383562422
Ti           1.53352596239348       -1.21490065038396        4.77963535955655
Ti           3.93283382474112       -1.41334077696489        2.69955547402023
Ti          -2.82470953578233       -1.06256359250922        3.98669341024052
Ti           1.89240417204800        1.92569985472997        5.38417485349960
Ti          -0.90216827468345        1.04178007257583        4.95834146496909
Ti           1.83928522466748       -4.14458663070658        3.24683035951974
Ti           0.43143776573549       -0.78832713856689        1.78409609877855
Ti           2.62613773331112       -0.89615464101235       -0.08788346021937
Ti          -1.78839991519554        1.23596093640966        1.77727138795968
Ti           2.69061935282173        1.68012407569170        2.41312741648928
Ti           0.83047763294101        2.09911019291605        0.14211222539008
C           -3.98349286970788       -0.02774082705041        2.63549956316269
C            4.14034274269461        2.16716363448973        3.79163688740122
C            0.12132446102582        2.61815730736252        3.39632055738297
C           -3.82144992784973        0.92053194406310        1.85817504895293
C            3.85448823249908        2.44180657276317        4.96586741456385
C           -1.16918613752432        2.35814736324735        3.35821275789852
C            1.39434091815148        2.89936105425709        3.53402420386182
O           -2.14732448873306       -2.71765284688107        3.89235825657444
O            0.83417102563055       -2.62070755232018        5.53740407713260
O            3.00702236565717       -1.86719282485170        4.09809300796675
O            0.02703271732585       -0.31994946403421        4.49346235187508
O            2.27461061794070        0.22129315011469        5.49101757883971
O           -2.45074594152392        0.26076745710520        5.16009304598541
O            0.19085708775698        1.97098000545296        5.98719615646494
O            0.85408613125889       -2.25006909993579        2.52258349002957
O            0.85522425975681       -0.88448773305162        0.10054422823549
O            3.96392608111409       -0.81592788069402        1.05140940948764
O           -1.22021176365478       -0.40193987202760        2.03578915452295
O            1.58802749971670        0.33873784939849        2.45212927441837
O           -0.86642648742978        1.80297175509831        0.42881063070977
O            2.50954388867980        2.14973253557749        0.72740147870563
33
 energy: -92.082705003098 gnorm: 0.008594841054 xtb: 6.7.1pre (5071a88)
Ti          -0.78774060168335       -3.03115765048376        4.86494245006192
Ti           1.53456970557715       -1.21883781997956        4.77241855683326
Ti           3.90784420913933       -1.42909507641212        2.67390082521960
Ti          -2.82952948744568       -1.05692449564663        3.98305186073119
Ti           1.89257239713200        1.92770192646963        5.39302349228738
Ti          -0.90046888736461        1.04275153667783        4.95976591509093
Ti           1.87794402419655       -4.15793167599046        3.30999302180554
Ti           0.43682445904707       -0.80031374149906        1.79169373522035
Ti           2.60255732745380       -0.87980382795487       -0.10496696864151
Ti          -1.77707257528213        1.23542524514268        1.77486756139056
Ti           2.68682279952298        1.68800309621501        2.42026508663044
Ti           0.83543031694166        2.09202450395641        0.13469760933684
C           -3.98363120352777       -0.02254172622793        2.63223129647437
C            4.13639579532937        2.17460660516836        3.79795015273563
C            0.11769933428420        2.62560874875432        3.39933095335219
C           -3.81092392661053        0.91955256688059        1.84950083198444
C            3.85082350465390        2.44719166750634        4.97563542860706
C           -1.17023910179751        2.36140141184845        3.35730671364919
C            1.38975446993242        2.90399096323169        3.54566078487239
O           -2.14460347237787       -2.70851626365978        3.87301176140362
O            0.83149933760128       -2.63668092632075        5.53523744941135
O            3.01154347558753       -1.86679084455909        4.09837336085216
O            0.02966469716874       -0.32218045664092        4.49501691489379
O            2.26244578220772        0.21614280703316        5.48349061801869
O           -2.44892314587030        0.26444527508905        5.16533111702228
O            0.19824115531565        1.97537709550380        5.98565400905041
O            0.88082910034009       -2.25705026964147        2.52097974505918
O            0.83459283995593       -0.87636906301333        0.10089069156419
O            3.94784453230186       -0.83438443554113        1.02447477091582
O           -1.21137258407832       -0.40454683529315        2.04930248373832
O            1.59015689721169        0.33694179016237        2.45034671614272
O           -0.86441013702874        1.80149181472437        0.42329792872884
O            2.51019796216547        2.16693805450028        0.73404012555741
33
 energy: -92.082866086576 gnorm: 0.009042337788 xtb: 6.7.1pre (5071a88)
Ti          -0.78351325913862       -3.03614014834088        4.84707653432060
Ti           1.53585437182836       -1.22096023167351        4.76636155183526
Ti           3.89718859995700       -1.42978053729831        2.66438418695537
Ti          -2.83738109481128       -1.05362463957958        3.98147491627774
Ti           1.88927114127403        1.91832307479557        5.38885140807603
Ti          -0.90270447626540        1.04349487492028        4.96283154281610
Ti           1.89307144945511       -4.17048543372974        3.33687727316057
Ti           0.43599627065561       -0.80413532014296        1.79869498645807
Ti           2.58414821239161       -0.89415905400958       -0.11441620150600
Ti          -1.77145744408179        1.23994639032430        1.77265017276491
Ti           2.68727178959901        1.69407164422231        2.41771149527199
Ti           0.83720952285382        2.10102578829484        0.13097370532923
C           -3.99002772407818       -0.01771166765838        2.62971278785226
C            4.13716644845776        2.18044762380890        3.79873405494616
C            0.12077259007683        2.62237754278062        3.40589474470512
C           -3.80329448587663        0.92148489420372        1.84638990633261
C            3.84651530154732        2.45129937700979        4.97718545020834
C           -1.16878801303490        2.36399690372335        3.35649626367258
C            1.39012610717173        2.90863935496636        3.55520942141723
O           -2.13844507493587       -2.70376799026502        3.85825112741931
O            0.83718444995514       -2.64116413182215        5.52055631405650
O            3.02167013408242       -1.85896269144931        4.10472450888370
O            0.03501558433810       -0.31755193333779        4.49355929192090
O            2.26821582925646        0.21176791830095        5.51093304076202
O           -2.45061405674712        0.26116780020185        5.16937534870106
O            0.19158974943260        1.98109956512414        5.99073265972415
O            0.89044344745475       -2.25522709957486        2.52984862480640
O            0.81830360968894       -0.88015255843713        0.10392914533936
O            3.93554146113995       -0.85073148808084        1.00967093297618
O           -1.21039031729992       -0.40118489402919        2.05618692772423
O            1.59044026110293        0.33946135417330        2.44817661844738
O           -0.86057736810954        1.80074960778509        0.41991271584411
O            2.51153598265932        2.17285610479420        0.73176554250111
33
 energy: -92.083033397504 gnorm: 0.007580665117 xtb: 6.7.1pre (5071a88)
Ti          -0.77761985143741       -3.03802202787457        4.82820473671094
Ti           1.54349052539501       -1.21637240611202        4.77013538134659
Ti           3.90066844483004       -1.43429084198626        2.66814849899136
Ti          -2.83948094870895       -1.05074276692654        3.97888997209423
Ti           1.88532312568494        1.92520368952056        5.39257864984270
Ti          -0.90339154094055        1.04113228345976        4.96556997864584
Ti           1.90397207138061       -4.17251113306077        3.32472025197058
Ti           0.43056351070472       -0.80398269731486        1.80407089086446
Ti           2.57309826991852       -0.91039784142681       -0.11278067755272
Ti          -1.77065591465535        1.24217065205001        1.77055773204754
Ti           2.68786661208640        1.69133108771804        2.42213107924595
Ti           0.84136101695047        2.10125452994403        0.13209080622664
C           -3.99908900858573       -0.01483991382363        2.63048018442855
C            4.13835561052226        2.18458984087625        3.80076399597733
C            0.11969636425215        2.62834630002543        3.40357185250273
C           -3.80019672447221        0.92350002558578        1.84866471362950
C            3.84005196302751        2.45711862246656        4.97691704498685
C           -1.16645967034548        2.36003281246178        3.35638701019911
C            1.39100500609295        2.91425835620682        3.55581596852013
O           -2.13963033231626       -2.70042751404083        3.85420167084100
O            0.83871218544587       -2.64201159656761        5.51870409767139
O            3.03307999965474       -1.85454809870443        4.11427786403932
O            0.03985759081009       -0.31847798625679        4.49731128030125
O            2.27341177361678        0.22161313001614        5.49791930122516
O           -2.45158431133970        0.25726710640415        5.16684811350936
O            0.19148265943795        1.97604752977327        5.99251527160545
O            0.89139615816810       -2.25497179434588        2.53016733343886
O            0.80822874063246       -0.88378418937508        0.10850308513068
O            3.92689319232172       -0.86118041768080        1.01142672673227
O           -1.21579959587277       -0.39996201774529        2.05551745802856
O            1.58358394078975        0.34181738441680        2.44969581030713
O           -0.85548214003332        1.80096468335397        0.42125048009653
O            2.51463027698427        2.16634520896317        0.73546043639522
33
 energy: -92.083235407945 gnorm: 0.005738949605 xtb: 6.7.1pre (5071a88)
Ti          -0.77560964535063       -3.03979957382695        4.82029526632515
Ti           1.54037428426260       -1.21517376510541        4.77084932178002
Ti           3.89859557065235       -1.42768941172170        2.66854110712293
Ti          -2.84008792204654       -1.04680268261326        3.97961266943439
Ti           1.88657955259198        1.92853672590903        5.39286680052076
Ti          -0.90701256994167        1.04115282694143        4.96486490350096
Ti           1.94684419958188       -4.16989933232748        3.32599369269439
Ti           0.42598106179501       -0.79982000576154        1.80453156406947
Ti           2.56623555699449       -0.91521495327781       -0.11363146382055
Ti          -1.77292864835070        1.24759598366412        1.77055446479628
Ti           2.69143624494692        1.68774659405548        2.42471544998229
Ti           0.84785651979577        2.08298899942568        0.13147997725894
C           -4.00196680794959       -0.01142157901234        2.63074285062139
C            4.14101125753335        2.18443311842011        3.80282405571314
C            0.12188551670238        2.62010496216583        3.40463374073122
C           -3.80261679736926        0.92782675050064        1.85036164845726
C            3.84311028106144        2.45783146856848        4.97794617475752
C           -1.16672805639796        2.36123616673746        3.35910051620329
C            1.39214010691031        2.91283422247417        3.55200961948079
O           -2.14368170771572       -2.69680131706606        3.85443956253835
O            0.83858533746056       -2.64306262653620        5.51490076920135
O            3.02639669443779       -1.85440973966635        4.10784709092758
O            0.03247649515056       -0.32200675054581        4.50347343065934
O            2.27159079635827        0.22341652964448        5.49572141762822
O           -2.45557145037238        0.25949280969257        5.16629563923235
O            0.19049762130435        1.97109851151620        5.99288460909020
O            0.88425258308184       -2.25033047785864        2.53345654606933
O            0.80176738614344       -0.88584880870596        0.10901909377588
O            3.92241921982832       -0.86793914788265        1.00820796402522
O           -1.21952992642592       -0.39364426191122        2.05580019238411
O            1.58616172915498        0.33984756403410        2.44747397721923
O           -0.85250891142254        1.80657439816238        0.42427510879959
O            2.51938342759392        2.16361680190758        0.73862923882014
33
 energy: -92.083384276198 gnorm: 0.005252556168 xtb: 6.7.1pre (5071a88)
Ti          -0.75769254518641       -3.05388643840739        4.78249402851139
Ti           1.54021158216919       -1.21115663188628        4.76674932022805
Ti           3.90588582104786       -1.42826832695852        2.66821839257284
Ti          -2.83839125351425       -1.04441483716743        3.97989997354933
Ti           1.88745824170570        1.93607285674870        5.39448029656246
Ti          -0.90982432695769        1.04142611539047        4.96119180864720
Ti           1.98181219642309       -4.17800217739415        3.34563745475580
Ti           0.41630380954462       -0.79392829785826        1.81212192752825
Ti           2.55592935835501       -0.93384155366867       -0.11105110744206
Ti          -1.77740621158365        1.25514471955773        1.76815248636067
Ti           2.69449446710524        1.68086211846170        2.42964167911086
Ti           0.85210951810323        2.09437628236018        0.13659102149938
C           -4.00619234871800       -0.00716979306228        2.63335222646017
C            4.14314741540624        2.18570059789945        3.80552499605290
C            0.12126505562648        2.61778330757545        3.40448840020369
C           -3.80709558819991        0.93352371343158        1.85487025935294
C            3.84628476626950        2.46149228337001        4.97942841726525
C           -1.16920797066502        2.36325884476334        3.36222632514927
C            1.39202384460721        2.91143535584895        3.54674127652708
O           -2.14888657091314       -2.69469937337434        3.84961545615817
O            0.84374422013794       -2.64461572691836        5.49987603924707
O            3.02971250985926       -1.84444971988800        4.10438718703680
O            0.02960275565812       -0.32013452788036        4.50139242224093
O            2.26883394245461        0.22856923786219        5.49032895623135
O           -2.45703036906476        0.25853864051146        5.16296743823321
O            0.18721141616646        1.96480656854831        5.99346224309085
O            0.86993961434047       -2.24093396792187        2.55044812177725
O            0.79245615431757       -0.89449713430125        0.11715325340611
O            3.91856060540797       -0.88572963546261        1.00389543530078
O           -1.22806904654476       -0.38394667483821        2.05726673904258
O            1.58148360183228        0.34107438619772        2.45190545020744
O           -0.84809980191613        1.81477994208735        0.42658131196050
O            2.52676413672530        2.14729984637382        0.74067776317202
33
 energy: -92.083456209998 gnorm: 0.003837352105 xtb: 6.7.1pre (5071a88)
Ti          -0.76275968607166       -3.04944454491202        4.79122006559073
Ti           1.53963569421116       -1.21354076140028        4.76554166506787
Ti           3.90889662532753       -1.42800441474405        2.66575144224391
Ti          -2.83791352859163       -1.04361675033049        3.97924426486441
Ti           1.88448338493396        1.93495171289354        5.39704309367921
Ti          -0.91038454722150        1.04218395399623        4.96346884573927
Ti           1.98976238401470       -4.18254263345680        3.34993290310260
Ti           0.41597691334614       -0.79477100867860        1.80936426071409
Ti           2.55162833949811       -0.94134902228449       -0.11180654629689
Ti          -1.77623332911833        1.25593291630476        1.76829359726786
Ti           2.69385218405531        1.67929922290981        2.42963704129744
Ti           0.85473523866906        2.09398399557489        0.13510490466650
C           -4.00705514067152       -0.00514584807694        2.63394916775804
C            4.14024371749047        2.18909545332564        3.80625869983647
C            0.11943203474926        2.62552917511679        3.40569402948491
C           -3.80648189634420        0.93642606624888        1.85683063296421
C            3.84243890183147        2.46275569728015        4.98112564436883
C           -1.16943608834286        2.36348118415132        3.36422897935048
C            1.39193885882194        2.91094339693510        3.54935244727406
O           -2.14676608344744       -2.69112925954313        3.84722293516894
O            0.85061895244307       -2.65424895134731        5.49090658283747
O            3.03602525801229       -1.83456930299201        4.10541597493569
O            0.02801120397230       -0.32093189997796        4.50844392042578
O            2.26525175797794        0.22686296797063        5.49030417200985
O           -2.45918371488160        0.25932532840516        5.16031418387213
O            0.18335306580471        1.96666043806531        5.99632476605153
O            0.87178969657851       -2.24090308022703        2.54769095781303
O            0.78868921947107       -0.89604595320630        0.11420206715572
O            3.91720951504691       -0.89360431558968        0.99976973605241
O           -1.22785803580132       -0.38301431290390        2.05458264458651
O            1.58350015341667        0.33811165860040        2.44706122056423
O           -0.84554651012383        1.81828645600586        0.42802874526617
O            2.52948446094290        2.14550243588698        0.74021395428706
33
 energy: -92.083486835048 gnorm: 0.003082492457 xtb: 6.7.1pre (5071a88)
Ti          -0.76426922546697       -3.04857209082955        4.78782543304512
Ti           1.53820291165903       -1.21553413714755        4.75784203047456
Ti           3.90988215212732       -1.43043570797360        2.65933888056145
Ti          -2.83768452125015       -1.04371765796511        3.97801302032385
Ti           1.88146344850393        1.93293262510551        5.39264704136756
Ti          -0.91081002662168        1.04307875952505        4.96442216607687
Ti           1.99560389723922       -4.17474915160417        3.36122201300727
Ti           0.41591862338941       -0.79475890989145        1.81346979751159
Ti           2.54403937325340       -0.94510811519508       -0.11142251097136
Ti          -1.77508491217048        1.25599022839759        1.77158839021646
Ti           2.69330718951313        1.67871333064077        2.43483539070214
Ti           0.85978601410316        2.07983129362227        0.13453568727494
C           -4.00813777121018       -0.00344065608055        2.63523818734904
C            4.14049614635210        2.19167428364628        3.80949770358350
C            0.11843808696361        2.62820357975811        3.40697255647777
C           -3.80558872392459        0.93802268449351        1.85840204571594
C            3.83994828396765        2.46251801414631        4.98503649307068
C           -1.17003910795954        2.36633973293525        3.36555893034273
C            1.39037886271684        2.91491371807679        3.55031629868585
O           -2.14608700711126       -2.68873110027996        3.84102660265419
O            0.85401072544341       -2.65912745248688        5.48211570211747
O            3.04112775344126       -1.82773137276913        4.10298659389919
O            0.02785060550867       -0.31840620374631        4.50654649283665
O            2.26203324515092        0.22489610482776        5.48467341097509
O           -2.46008295141745        0.25747459257074        5.15883310977385
O            0.18062593734653        1.97014477359572        5.99539324148327
O            0.87843861239118       -2.23979196212132        2.54925480467486
O            0.78246973347206       -0.89268889587231        0.11708651071995
O            3.91628238617890       -0.90452393255752        0.99191096475215
O           -1.22780836423235       -0.38254991000291        2.05861508188890
O            1.58197010370778        0.33899749721594        2.45023238730527
O           -0.84207103287827        1.81832582047161        0.43212433236473
O            2.53272855181303        2.14428021749470        0.74457820973897
