AutoDock Vina v1.2.7
#################################################################
# If you used AutoDock Vina in your work, please cite:          #
#                                                               #
# J. Eberhardt, D. Santos-Martins, A. F. Tillack, and S. Forli  #
# AutoDock Vina 1.2.0: New Docking Methods, Expanded Force      #
# Field, and Python Bindings, J. Chem. Inf. Model. (2021)       #
# DOI 10.1021/acs.jcim.1c00203                                  #
#                                                               #
# O. Trott, A. J. Olson,                                        #
# AutoDock Vina: improving the speed and accuracy of docking    #
# with a new scoring function, efficient optimization and       #
# multithreading, J. Comp. Chem. (2010)                         #
# DOI 10.1002/jcc.21334                                         #
#                                                               #
# Please see https://github.com/ccsb-scripps/AutoDock-Vina for  #
# more information.                                             #
#################################################################

Scoring function : vina
Rigid receptor: c:\Users\Andre\Proyectos doctorado\mxene-glioblastoma-qsar-ai\data\raw\2J6M_receptor.pdbqt
Ligand: c:\Users\Andre\Proyectos doctorado\mxene-glioblastoma-qsar-ai\calculations\gbm\Dabrafenib\Dabrafenib_ligand.pdbqt
Grid center: X -51.707 Y -0.285 Z -19.598
Grid size  : X 22 Y 22 Z 22
Grid space : 0.375
Exhaustiveness: 8
CPU: 0
Verbosity: 1

Computing Vina grid ... done.
WARNING: At low exhaustiveness, it may be impossible to utilize all CPUs.
Performing docking (random seed: 1554587770) ... 
0%   10   20   30   40   50   60   70   80   90   100%
|----|----|----|----|----|----|----|----|----|----|
***************************************************

mode |   affinity | dist from best mode
     | (kcal/mol) | rmsd l.b.| rmsd u.b.
-----+------------+----------+----------
   1       -8.438          0          0
   2       -8.264      2.853      3.639
   3       -8.167      2.991      5.512
   4       -8.164      4.872      6.941
   5       -8.092      3.833      7.192
   6       -8.034      3.922      7.465
   7       -7.936      3.949      5.326
   8       -7.819      5.255      8.227
   9       -7.773      4.924      8.538
# Command: c:\Users\Andre\Proyectos doctorado\mxene-glioblastoma-qsar-ai\src\docking\vina.exe --receptor c:\Users\Andre\Proyectos doctorado\mxene-glioblastoma-qsar-ai\data\raw\2J6M_receptor.pdbqt --ligand c:\Users\Andre\Proyectos doctorado\mxene-glioblastoma-qsar-ai\calculations\gbm\Dabrafenib\Dabrafenib_ligand.pdbqt --center_x -51.707 --center_y -0.285 --center_z -19.598 --size_x 22.0 --size_y 22.0 --size_z 22.0 --num_modes 9 --exhaustiveness 8 --out c:\Users\Andre\Proyectos doctorado\mxene-glioblastoma-qsar-ai\calculations\gbm\Dabrafenib\Dabrafenib_2J6M_out.pdbqt
