AutoDock Vina v1.2.7
#################################################################
# If you used AutoDock Vina in your work, please cite:          #
#                                                               #
# J. Eberhardt, D. Santos-Martins, A. F. Tillack, and S. Forli  #
# AutoDock Vina 1.2.0: New Docking Methods, Expanded Force      #
# Field, and Python Bindings, J. Chem. Inf. Model. (2021)       #
# DOI 10.1021/acs.jcim.1c00203                                  #
#                                                               #
# O. Trott, A. J. Olson,                                        #
# AutoDock Vina: improving the speed and accuracy of docking    #
# with a new scoring function, efficient optimization and       #
# multithreading, J. Comp. Chem. (2010)                         #
# DOI 10.1002/jcc.21334                                         #
#                                                               #
# Please see https://github.com/ccsb-scripps/AutoDock-Vina for  #
# more information.                                             #
#################################################################

Scoring function : vina
Rigid receptor: c:\Users\Andre\Proyectos doctorado\mxene-glioblastoma-qsar-ai\data\raw\2J6M_receptor.pdbqt
Ligand: c:\Users\Andre\Proyectos doctorado\mxene-glioblastoma-qsar-ai\calculations\gbm\Dacomitinib\Dacomitinib_ligand.pdbqt
Grid center: X -51.707 Y -0.285 Z -19.598
Grid size  : X 22 Y 22 Z 22
Grid space : 0.375
Exhaustiveness: 8
CPU: 0
Verbosity: 1

Computing Vina grid ... done.
WARNING: At low exhaustiveness, it may be impossible to utilize all CPUs.
Performing docking (random seed: -891308360) ... 
0%   10   20   30   40   50   60   70   80   90   100%
|----|----|----|----|----|----|----|----|----|----|
***************************************************

mode |   affinity | dist from best mode
     | (kcal/mol) | rmsd l.b.| rmsd u.b.
-----+------------+----------+----------
   1       -8.267          0          0
   2       -8.028      1.707      2.316
   3       -7.919      3.794      7.514
   4       -7.829      5.334      8.156
   5       -7.821      5.144      8.261
   6        -7.76      3.509      4.665
   7       -7.742      3.694      4.958
   8       -7.704      3.513       8.52
   9        -7.69      2.075      2.838
# Command: c:\Users\Andre\Proyectos doctorado\mxene-glioblastoma-qsar-ai\src\docking\vina.exe --receptor c:\Users\Andre\Proyectos doctorado\mxene-glioblastoma-qsar-ai\data\raw\2J6M_receptor.pdbqt --ligand c:\Users\Andre\Proyectos doctorado\mxene-glioblastoma-qsar-ai\calculations\gbm\Dacomitinib\Dacomitinib_ligand.pdbqt --center_x -51.707 --center_y -0.285 --center_z -19.598 --size_x 22.0 --size_y 22.0 --size_z 22.0 --num_modes 9 --exhaustiveness 8 --out c:\Users\Andre\Proyectos doctorado\mxene-glioblastoma-qsar-ai\calculations\gbm\Dacomitinib\Dacomitinib_2J6M_out.pdbqt
