removed residues: []
Template padding will be used.
[32m gasteiger charges will be read from template file 
 [0m

Files written:
C:\Users\Andre\Proyectos doctorado\nano-qsar-ai-papers\mxene-glioblastoma-qsar-ai\data\raw\1M17_A_receptor.pdbqt <-- static (i.e., rigid) receptor input file
No template matched for residue_key='A:964'
tried 9 templates for residue_key='A:964'excess_H_ok=False
HIE        heavy_miss=2 heavy_excess=2 H_excess=[10] bond_miss={0} bond_excess=set()
HID        heavy_miss=2 heavy_excess=2 H_excess=[] bond_miss={0} bond_excess=set()
HIP        heavy_miss=2 heavy_excess=2 H_excess=[] bond_miss={0} bond_excess=set()
NHIE       heavy_miss=2 heavy_excess=2 H_excess=[12] bond_miss={0} bond_excess={4}
NHID       heavy_miss=2 heavy_excess=2 H_excess=[] bond_miss={0} bond_excess={4}
NHIP       heavy_miss=2 heavy_excess=2 H_excess=[] bond_miss={0} bond_excess={4}
CHIE       heavy_miss=3 heavy_excess=2 H_excess=[11] bond_miss=set() bond_excess=set()
CHID       heavy_miss=3 heavy_excess=2 H_excess=[] bond_miss=set() bond_excess=set()
CHIP       heavy_miss=3 heavy_excess=2 H_excess=[] bond_miss=set() bond_excess=set()

No template matched for residue_key='A:977'
tried 3 templates for residue_key='A:977'excess_H_ok=False
LEU        heavy_miss=1 heavy_excess=1 H_excess=[-1] bond_miss={4} bond_excess=set()
NLEU       heavy_miss=1 heavy_excess=1 H_excess=[-1] bond_miss=set() bond_excess=set()
CLEU       heavy_miss=2 heavy_excess=1 H_excess=[-1] bond_miss={5} bond_excess={1}

matched with excess inter-residue bond(s): A:977
- Template matching failed for: ['A:964', 'A:977'] Ignored due to allow_bad_res.
