AutoDock Vina v1.2.7
#################################################################
# If you used AutoDock Vina in your work, please cite:          #
#                                                               #
# J. Eberhardt, D. Santos-Martins, A. F. Tillack, and S. Forli  #
# AutoDock Vina 1.2.0: New Docking Methods, Expanded Force      #
# Field, and Python Bindings, J. Chem. Inf. Model. (2021)       #
# DOI 10.1021/acs.jcim.1c00203                                  #
#                                                               #
# O. Trott, A. J. Olson,                                        #
# AutoDock Vina: improving the speed and accuracy of docking    #
# with a new scoring function, efficient optimization and       #
# multithreading, J. Comp. Chem. (2010)                         #
# DOI 10.1002/jcc.21334                                         #
#                                                               #
# Please see https://github.com/ccsb-scripps/AutoDock-Vina for  #
# more information.                                             #
#################################################################

Scoring function : vina
Rigid receptor: c:\Users\Andre\Proyectos doctorado\mxene-glioblastoma-qsar-ai\data\raw\2J6M_receptor.pdbqt
Ligand: c:\Users\Andre\Proyectos doctorado\mxene-glioblastoma-qsar-ai\calculations\gbm\redock_AEE_ligand.pdbqt
Grid center: X -51.707 Y -0.285 Z -19.598
Grid size  : X 22 Y 22 Z 22
Grid space : 0.375
Exhaustiveness: 8
CPU: 0
Verbosity: 1

Computing Vina grid ... done.
WARNING: At low exhaustiveness, it may be impossible to utilize all CPUs.
Performing docking (random seed: -530047674) ... 
0%   10   20   30   40   50   60   70   80   90   100%
|----|----|----|----|----|----|----|----|----|----|
***************************************************

mode |   affinity | dist from best mode
     | (kcal/mol) | rmsd l.b.| rmsd u.b.
-----+------------+----------+----------
   1       -6.749          0          0
   2       -6.648      4.725      8.083
   3       -6.645      4.275      7.907
   4       -6.579       2.75      4.025
   5       -6.489      5.201      8.523
   6       -6.439      1.551      2.222
   7       -6.398      1.955      2.417
   8        -6.22      4.773      8.433
   9       -6.102      5.149      8.619
